Archive member included to satisfy reference by file (symbol)

/usr/lib/gcc/arm-none-eabi/4.9.3/armv7-m/libgcc.a(_arm_addsubdf3.o)
                              obj_cc2538dk/lcd_dogm128_6.o (__aeabi_f2d)
/usr/lib/gcc/arm-none-eabi/4.9.3/armv7-m/libgcc.a(_arm_muldivdf3.o)
                              obj_cc2538dk/lcd_dogm128_6.o (__aeabi_dmul)
/usr/lib/gcc/arm-none-eabi/4.9.3/armv7-m/libgcc.a(_arm_truncdfsf2.o)
                              obj_cc2538dk/lcd_dogm128_6.o (__aeabi_d2f)
/usr/lib/gcc/arm-none-eabi/4.9.3/armv7-m/libgcc.a(_arm_muldivsf3.o)
                              obj_cc2538dk/lcd_dogm128_6.o (__aeabi_fmul)
/usr/lib/gcc/arm-none-eabi/4.9.3/armv7-m/libgcc.a(_arm_cmpsf2.o)
                              obj_cc2538dk/lcd_dogm128_6.o (__aeabi_fcmple)
/usr/lib/gcc/arm-none-eabi/4.9.3/armv7-m/libgcc.a(_arm_fixsfsi.o)
                              obj_cc2538dk/lcd_dogm128_6.o (__aeabi_f2iz)
/usr/lib/gcc/arm-none-eabi/4.9.3/armv7-m/libgcc.a(_aeabi_uldivmod.o)
                              obj_cc2538dk/strformat.o (__aeabi_uldivmod)
/usr/lib/gcc/arm-none-eabi/4.9.3/armv7-m/libgcc.a(bpabi.o)
                              /usr/lib/gcc/arm-none-eabi/4.9.3/armv7-m/libgcc.a(_aeabi_uldivmod.o) (__gnu_uldivmod_helper)
/usr/lib/gcc/arm-none-eabi/4.9.3/armv7-m/libgcc.a(_dvmd_tls.o)
                              /usr/lib/gcc/arm-none-eabi/4.9.3/armv7-m/libgcc.a(_aeabi_uldivmod.o) (__aeabi_ldiv0)
/usr/lib/gcc/arm-none-eabi/4.9.3/armv7-m/libgcc.a(_divdi3.o)
                              /usr/lib/gcc/arm-none-eabi/4.9.3/armv7-m/libgcc.a(bpabi.o) (__divdi3)
/usr/lib/gcc/arm-none-eabi/4.9.3/armv7-m/libgcc.a(_udivdi3.o)
                              /usr/lib/gcc/arm-none-eabi/4.9.3/armv7-m/libgcc.a(bpabi.o) (__udivdi3)
/usr/lib/gcc/arm-none-eabi/4.9.3/../../../arm-none-eabi/lib/armv7-m/libc.a(lib_a-ctype_.o)
                              obj_cc2538dk/resolv.o (__ctype_ptr__)
/usr/lib/gcc/arm-none-eabi/4.9.3/../../../arm-none-eabi/lib/armv7-m/libc.a(lib_a-memcmp.o)
                              obj_cc2538dk/slip.o (memcmp)
/usr/lib/gcc/arm-none-eabi/4.9.3/../../../arm-none-eabi/lib/armv7-m/libc.a(lib_a-memcpy.o)
                              obj_cc2538dk/slip.o (memcpy)
/usr/lib/gcc/arm-none-eabi/4.9.3/../../../arm-none-eabi/lib/armv7-m/libc.a(lib_a-memmove.o)
                              obj_cc2538dk/mmem.o (memmove)
/usr/lib/gcc/arm-none-eabi/4.9.3/../../../arm-none-eabi/lib/armv7-m/libc.a(lib_a-memset.o)
                              obj_cc2538dk/gpio.o (memset)
/usr/lib/gcc/arm-none-eabi/4.9.3/../../../arm-none-eabi/lib/armv7-m/libc.a(lib_a-reent.o)
                              obj_cc2538dk/syscalls.o (errno)
/usr/lib/gcc/arm-none-eabi/4.9.3/../../../arm-none-eabi/lib/armv7-m/libc.a(lib_a-strcasecmp.o)
                              obj_cc2538dk/resolv.o (strcasecmp)
/usr/lib/gcc/arm-none-eabi/4.9.3/../../../arm-none-eabi/lib/armv7-m/libc.a(lib_a-strcat.o)
                              obj_cc2538dk/resolv.o (strcat)
/usr/lib/gcc/arm-none-eabi/4.9.3/../../../arm-none-eabi/lib/armv7-m/libc.a(lib_a-strcmp.o)
                              obj_cc2538dk/cfs-coffee.o (strcmp)
/usr/lib/gcc/arm-none-eabi/4.9.3/../../../arm-none-eabi/lib/armv7-m/libc.a(lib_a-strcpy.o)
                              /usr/lib/gcc/arm-none-eabi/4.9.3/../../../arm-none-eabi/lib/armv7-m/libc.a(lib_a-strcat.o) (strcpy)
/usr/lib/gcc/arm-none-eabi/4.9.3/../../../arm-none-eabi/lib/armv7-m/libc.a(lib_a-strlen.o)
                              obj_cc2538dk/sensors.o (strlen)
/usr/lib/gcc/arm-none-eabi/4.9.3/../../../arm-none-eabi/lib/armv7-m/libc.a(lib_a-strncasecmp.o)
                              obj_cc2538dk/resolv.o (strncasecmp)
/usr/lib/gcc/arm-none-eabi/4.9.3/../../../arm-none-eabi/lib/armv7-m/libc.a(lib_a-strncat.o)
                              obj_cc2538dk/resolv.o (strncat)
/usr/lib/gcc/arm-none-eabi/4.9.3/../../../arm-none-eabi/lib/armv7-m/libc.a(lib_a-strncmp.o)
                              obj_cc2538dk/sensors.o (strncmp)
/usr/lib/gcc/arm-none-eabi/4.9.3/../../../arm-none-eabi/lib/armv7-m/libc.a(lib_a-strncpy.o)
                              obj_cc2538dk/cfs-coffee.o (strncpy)
/usr/lib/gcc/arm-none-eabi/4.9.3/../../../arm-none-eabi/lib/armv7-m/libc.a(lib_a-freer.o)
                              /usr/lib/gcc/arm-none-eabi/4.9.3/../../../arm-none-eabi/lib/armv7-m/libc.a(lib_a-reent.o) (_free_r)
/usr/lib/gcc/arm-none-eabi/4.9.3/../../../arm-none-eabi/lib/armv7-m/libc.a(lib_a-impure.o)
                              /usr/lib/gcc/arm-none-eabi/4.9.3/../../../arm-none-eabi/lib/armv7-m/libc.a(lib_a-reent.o) (_impure_ptr)
/usr/lib/gcc/arm-none-eabi/4.9.3/../../../arm-none-eabi/lib/armv7-m/libc.a(lib_a-mallocr.o)
                              /usr/lib/gcc/arm-none-eabi/4.9.3/../../../arm-none-eabi/lib/armv7-m/libc.a(lib_a-freer.o) (__malloc_current_mallinfo)
/usr/lib/gcc/arm-none-eabi/4.9.3/../../../arm-none-eabi/lib/armv7-m/libc.a(lib_a-mlock.o)
[...]
Memory Configuration

Name             Origin             Length             Attributes
FLASH_FW         0x00200000         0x00040000         xr
FLASH_CFS        0x00240000         0x00020000         xr
FLASH_CCA        0x0027ffd4         0x0000002c         xr
NRSRAM           0x20000000         0x00000000         xrw
FRSRAM           0x20000000         0x00008000         xrw
*default*        0x00000000         0xffffffff

Linker script and memory map

LOAD obj_cc2538dk/startup-gcc.o
LOAD obj_cc2538dk/leds.o
LOAD obj_cc2538dk/leds-arch.o
LOAD obj_cc2538dk/contiki-main.o
LOAD obj_cc2538dk/sensors.o
LOAD obj_cc2538dk/smartrf-sensors.o
LOAD obj_cc2538dk/button-sensor.o
LOAD obj_cc2538dk/als-sensor.o
LOAD obj_cc2538dk/ds18b20.o
LOAD obj_cc2538dk/lcd5110.o
LOAD obj_cc2538dk/clock.o
LOAD obj_cc2538dk/rtimer-arch.o
LOAD obj_cc2538dk/uart.o
LOAD obj_cc2538dk/watchdog.o
LOAD obj_cc2538dk/nvic.o
LOAD obj_cc2538dk/cpu.o
LOAD obj_cc2538dk/sys-ctrl.o
LOAD obj_cc2538dk/gpio.o
LOAD obj_cc2538dk/ioc.o
LOAD obj_cc2538dk/spi.o
LOAD obj_cc2538dk/adc.o
LOAD obj_cc2538dk/crypto.o
LOAD obj_cc2538dk/aes.o
LOAD obj_cc2538dk/ecb.o
LOAD obj_cc2538dk/cbc.o
LOAD obj_cc2538dk/ctr.o
LOAD obj_cc2538dk/cbc-mac.o
LOAD obj_cc2538dk/gcm.o
LOAD obj_cc2538dk/ccm.o
LOAD obj_cc2538dk/sha256.o
LOAD obj_cc2538dk/cc2538-aes-128.o
LOAD obj_cc2538dk/cc2538-ccm-star.o
LOAD obj_cc2538dk/cc2538-rf.o
LOAD obj_cc2538dk/udma.o
LOAD obj_cc2538dk/lpm.o
LOAD obj_cc2538dk/pka.o
LOAD obj_cc2538dk/bignum-driver.o
LOAD obj_cc2538dk/ecc-driver.o
LOAD obj_cc2538dk/ecc-algorithm.o
LOAD obj_cc2538dk/ecc-curve.o
LOAD obj_cc2538dk/dbg.o
LOAD obj_cc2538dk/ieee-addr.o
LOAD obj_cc2538dk/slip-arch.o
LOAD obj_cc2538dk/slip.o
LOAD obj_cc2538dk/i2c.o
LOAD obj_cc2538dk/cc2538-temp-sensor.o
LOAD obj_cc2538dk/vdd3-sensor.o
LOAD obj_cc2538dk/cfs-coffee.o
LOAD obj_cc2538dk/cfs-coffee-arch.o
LOAD obj_cc2538dk/pwm.o
LOAD obj_cc2538dk/lcd_dogm128_6.o
LOAD obj_cc2538dk/elfloader.o
LOAD obj_cc2538dk/dbg-printf.o
LOAD obj_cc2538dk/dbg-snprintf.o
LOAD obj_cc2538dk/dbg-sprintf.o
LOAD obj_cc2538dk/strformat.o
LOAD obj_cc2538dk/usb-core.o
LOAD obj_cc2538dk/cdc-acm.o
LOAD obj_cc2538dk/usb-arch.o
LOAD obj_cc2538dk/usb-serial.o
LOAD obj_cc2538dk/cdc-acm-descriptors.o
LOAD obj_cc2538dk/autostart.o
LOAD obj_cc2538dk/ctimer.o
LOAD obj_cc2538dk/energest.o
LOAD obj_cc2538dk/arg.o
LOAD obj_cc2538dk/stimer.o
LOAD obj_cc2538dk/etimer.o
LOAD obj_cc2538dk/compower.o
LOAD obj_cc2538dk/process.o
LOAD obj_cc2538dk/rtimer.o
LOAD obj_cc2538dk/mt.o
LOAD obj_cc2538dk/procinit.o
LOAD obj_cc2538dk/timer.o
LOAD obj_cc2538dk/serial-line.o
LOAD obj_cc2538dk/nullradio.o
LOAD obj_cc2538dk/settings.o
LOAD obj_cc2538dk/crc16.o
LOAD obj_cc2538dk/me.o
LOAD obj_cc2538dk/ringbuf.o
LOAD obj_cc2538dk/mmem.o
LOAD obj_cc2538dk/me_tabs.o
LOAD obj_cc2538dk/ccm-star.o
LOAD obj_cc2538dk/ifft.o
LOAD obj_cc2538dk/ringbufindex.o
LOAD obj_cc2538dk/list.o
LOAD obj_cc2538dk/aes-128.o
LOAD obj_cc2538dk/trickle-timer.o
LOAD obj_cc2538dk/print-stats.o
LOAD obj_cc2538dk/memb.o
LOAD obj_cc2538dk/petsciiconv.o
LOAD obj_cc2538dk/gcr.o
LOAD obj_cc2538dk/random.o
LOAD obj_cc2538dk/assert.o
LOAD obj_cc2538dk/uip-icmp6.o
LOAD obj_cc2538dk/uip-ds6.o
LOAD obj_cc2538dk/uip-ds6-route.o
LOAD obj_cc2538dk/uip6.o
LOAD obj_cc2538dk/uip-ds6-nbr.o
LOAD obj_cc2538dk/uip-nd6.o
LOAD obj_cc2538dk/sicslowpan.o
LOAD obj_cc2538dk/slipdev.o
LOAD obj_cc2538dk/dhcpc.o
LOAD obj_cc2538dk/uip-packetqueue.o
LOAD obj_cc2538dk/tcp-socket.o
LOAD obj_cc2538dk/uip-debug.o
LOAD obj_cc2538dk/ip64-addr.o
LOAD obj_cc2538dk/uip-udp-packet.o
LOAD obj_cc2538dk/psock.o
LOAD obj_cc2538dk/tcpip.o
LOAD obj_cc2538dk/resolv.o
LOAD obj_cc2538dk/uip-nameserver.o
LOAD obj_cc2538dk/uip-split.o
LOAD obj_cc2538dk/udp-socket.o
LOAD obj_cc2538dk/simple-udp.o
LOAD obj_cc2538dk/uiplib.o
LOAD obj_cc2538dk/rpl-icmp6.o
LOAD obj_cc2538dk/rpl-of0.o
LOAD obj_cc2538dk/rpl-dag.o
LOAD obj_cc2538dk/rpl-timers.o
LOAD obj_cc2538dk/rpl-ext-header.o
LOAD obj_cc2538dk/rpl.o
LOAD obj_cc2538dk/rpl-mrhof.o
LOAD obj_cc2538dk/rpl-dag-root.o
LOAD obj_cc2538dk/syscalls.o
LOAD obj_cc2538dk/queuebuf.o
LOAD obj_cc2538dk/nbr-table.o
LOAD obj_cc2538dk/packetbuf.o
LOAD obj_cc2538dk/netstack.o
LOAD obj_cc2538dk/linkaddr.o
LOAD obj_cc2538dk/framer-nullmac.o
LOAD obj_cc2538dk/nullmac.o
LOAD obj_cc2538dk/nullrdc-noframer.o
LOAD obj_cc2538dk/frame802154e-ie.o
LOAD obj_cc2538dk/mac-sequence.o
LOAD obj_cc2538dk/nordc.o
LOAD obj_cc2538dk/csma.o
LOAD obj_cc2538dk/frame802154.o
LOAD obj_cc2538dk/mac.o
LOAD obj_cc2538dk/framer-802154.o
LOAD obj_cc2538dk/phase.o
LOAD obj_cc2538dk/nullrdc.o
LOAD obj_cc2538dk/contikimac.o
LOAD obj_cc2538dk/contikimac-framer.o
LOAD obj_cc2538dk/nullsec.o
LOAD obj_cc2538dk/anti-replay.o
LOAD obj_cc2538dk/ccm-star-packetbuf.o
LOAD obj_cc2538dk/noncoresec.o
LOAD udp-echo-server.co
START GROUP
LOAD /usr/lib/gcc/arm-none-eabi/4.9.3/armv7-m/libgcc.a
LOAD /usr/lib/gcc/arm-none-eabi/4.9.3/../../../arm-none-eabi/lib/armv7-m/libc.a
END GROUP

.text           0x00200000     0xa940
                0x00200000                _text = .
 *(SORT(.vectors))
 .vectors       0x00200000      0x28c obj_cc2538dk/startup-gcc.o
                0x00200000                vectors
 *(SORT(.text*))
 .text.reset_handler
                0x0020028c       0x40 obj_cc2538dk/startup-gcc.o
                0x0020028c                reset_handler
 .text.leds_init
                0x002002cc       0x14 obj_cc2538dk/leds.o
                0x002002cc                leds_init
 .text.leds_on  0x002002e0       0x10 obj_cc2538dk/leds.o
                0x002002e0                leds_on
 .text.leds_off
                0x002002f0       0x14 obj_cc2538dk/leds.o
                0x002002f0                leds_off
 .text.leds_arch_init
                0x00200304       0x10 obj_cc2538dk/leds-arch.o
                0x00200304                leds_arch_init
 .text.leds_arch_set
                0x00200314        0xc obj_cc2538dk/leds-arch.o
                0x00200314                leds_arch_set
 .text.startup.main
                0x00200320      0x1a0 obj_cc2538dk/contiki-main.o
                0x00200320                main
 .text.process_thread_sensors_process
                0x002004c0       0xd4 obj_cc2538dk/sensors.o
 .text.sensors_changed
                0x00200594       0x38 obj_cc2538dk/sensors.o
                0x00200594                sensors_changed
 .text.config_select
                0x002005cc       0x30 obj_cc2538dk/button-sensor.o
 .text.config_left
                0x002005fc       0x30 obj_cc2538dk/button-sensor.o
 .text.config_right
                0x0020062c       0x30 obj_cc2538dk/button-sensor.o
 .text.config_up
                0x0020065c       0x30 obj_cc2538dk/button-sensor.o
 .text.config_down
                0x0020068c       0x30 obj_cc2538dk/button-sensor.o
 .text.btn_callback
                0x002006bc       0x64 obj_cc2538dk/button-sensor.o
 .text.button_sensor_init
                0x00200720        0xc obj_cc2538dk/button-sensor.o
                0x00200720                button_sensor_init
 .text.value    0x0020072c       0x24 obj_cc2538dk/als-sensor.o
 .text.configure
                0x00200750       0x54 obj_cc2538dk/als-sensor.o
 .text.update_ticks
                0x002007a4       0x4c obj_cc2538dk/clock.o
 .text.clock_init
                0x002007f0       0x50 obj_cc2538dk/clock.o
                0x002007f0                clock_init
 .text.clock_time
                0x00200840       0x14 obj_cc2538dk/clock.o
                0x00200840                clock_time
 .text.clock_seconds
                0x00200854       0x14 obj_cc2538dk/clock.o
                0x00200854                clock_seconds
 .text.clock_delay_usec
                0x00200868       0x1c obj_cc2538dk/clock.o
                0x00200868                clock_delay_usec
 .text.clock_adjust
                0x00200884       0x20 obj_cc2538dk/clock.o
                0x00200884                clock_adjust
 .text.rtimer_arch_next_trigger
                0x002008a4        0xc obj_cc2538dk/rtimer-arch.o
                0x002008a4                rtimer_arch_next_trigger
 .text.rtimer_arch_now
                0x002008b0       0x2c obj_cc2538dk/rtimer-arch.o
                0x002008b0                rtimer_arch_now
 .text.rtimer_arch_schedule
                0x002008dc       0x58 obj_cc2538dk/rtimer-arch.o
                0x002008dc                rtimer_arch_schedule
 .text.rtimer_isr
                0x00200934       0x24 obj_cc2538dk/rtimer-arch.o
                0x00200934                rtimer_isr
 .text.permit_pm1
                0x00200958       0x2c obj_cc2538dk/uart.o
 .text.uart_isr
                0x00200984       0x6c obj_cc2538dk/uart.o
 .text.uart_init
                0x002009f0      0x1ac obj_cc2538dk/uart.o
                0x002009f0                uart_init
 .text.uart_set_input
                0x00200b9c       0x10 obj_cc2538dk/uart.o
                0x00200b9c                uart_set_input
 .text.uart_write_byte
                0x00200bac       0x1c obj_cc2538dk/uart.o
                0x00200bac                uart_write_byte
 .text.watchdog_init
                0x00200bc8        0xc obj_cc2538dk/watchdog.o
                0x00200bc8                watchdog_init
 .text.watchdog_start
                0x00200bd4        0xc obj_cc2538dk/watchdog.o
                0x00200bd4                watchdog_start
 .text.watchdog_periodic
                0x00200be0       0x10 obj_cc2538dk/watchdog.o
                0x00200be0                watchdog_periodic
 .text.nvic_init
                0x00200bf0       0x3c obj_cc2538dk/nvic.o
                0x00200bf0                nvic_init
 .text.nvic_interrupt_enable
                0x00200c2c       0x18 obj_cc2538dk/nvic.o
                0x00200c2c                nvic_interrupt_enable
 .text.nvic_interrupt_disable
                0x00200c44       0x18 obj_cc2538dk/nvic.o
                0x00200c44                nvic_interrupt_disable
 .text.nvic_interrupt_unpend
                0x00200c5c       0x18 obj_cc2538dk/nvic.o
                0x00200c5c                nvic_interrupt_unpend
 .text.sys_ctrl_init
                0x00200c74       0x28 obj_cc2538dk/sys-ctrl.o
                0x00200c74                sys_ctrl_init
 .text.gpio_register_callback
                0x00200c9c       0x10 obj_cc2538dk/gpio.o
                0x00200c9c                gpio_register_callback
 .text.notify   0x00200cac       0x30 obj_cc2538dk/gpio.o
                0x00200cac                notify
 .text.gpio_port_isr
                0x00200cdc       0x50 obj_cc2538dk/gpio.o
 .text.gpio_init
                0x00200d2c       0x10 obj_cc2538dk/gpio.o
                0x00200d2c                gpio_init
 .text.ioc_init
                0x00200d3c       0x1c obj_cc2538dk/ioc.o
                0x00200d3c                ioc_init
 .text.ioc_set_over
                0x00200d58       0x14 obj_cc2538dk/ioc.o
                0x00200d58                ioc_set_over
 .text.ioc_set_sel
                0x00200d6c       0x14 obj_cc2538dk/ioc.o
                0x00200d6c                ioc_set_sel
 .text.adc_init
                0x00200d80       0x10 obj_cc2538dk/adc.o
                0x00200d80                adc_init
 .text.adc_get  0x00200d90       0x78 obj_cc2538dk/adc.o
                0x00200d90                adc_get
 .text.permit_pm1
                0x00200e08       0x10 obj_cc2538dk/crypto.o
 .text.crypto_isr
                0x00200e18       0x24 obj_cc2538dk/crypto.o
                0x00200e18                crypto_isr
 .text.crypto_enable
                0x00200e3c       0x20 obj_cc2538dk/crypto.o
                0x00200e3c                crypto_enable
 .text.crypto_init
                0x00200e5c       0x3c obj_cc2538dk/crypto.o
                0x00200e5c                crypto_init
 .text.crypto_disable
                0x00200e98       0x20 obj_cc2538dk/crypto.o
                0x00200e98                crypto_disable
 .text.on       0x00200eb8       0x2c obj_cc2538dk/cc2538-rf.o
 .text.off      0x00200ee4       0x38 obj_cc2538dk/cc2538-rf.o
 .text.set_channel
                0x00200f1c       0x48 obj_cc2538dk/cc2538-rf.o
 .text.channel_clear
                0x00200f64       0x3c obj_cc2538dk/cc2538-rf.o
 .text.receiving_packet
                0x00200fa0       0x18 obj_cc2538dk/cc2538-rf.o
 .text.pending_packet
                0x00200fb8       0x10 obj_cc2538dk/cc2538-rf.o
 .text.get_value
                0x00200fc8      0x11c obj_cc2538dk/cc2538-rf.o
 .text.prepare  0x002010e4       0x64 obj_cc2538dk/cc2538-rf.o
 .text.transmit
                0x00201148       0x8c obj_cc2538dk/cc2538-rf.o
 .text.set_frame_filtering
                0x002011d4       0x18 obj_cc2538dk/cc2538-rf.o
 .text.set_value
                0x002011ec       0xd4 obj_cc2538dk/cc2538-rf.o
 .text.get_object
                0x002012c0       0x30 obj_cc2538dk/cc2538-rf.o
 .text.set_object
                0x002012f0       0x30 obj_cc2538dk/cc2538-rf.o
 .text.read     0x00201320       0xc4 obj_cc2538dk/cc2538-rf.o
 .text.init     0x002013e4       0xcc obj_cc2538dk/cc2538-rf.o
 .text.process_thread_cc2538_rf_process
                0x002014b0       0x74 obj_cc2538dk/cc2538-rf.o
 .text.cc2538_rf_rx_tx_isr
                0x00201524       0x18 obj_cc2538dk/cc2538-rf.o
                0x00201524                cc2538_rf_rx_tx_isr
 .text.cc2538_rf_err_isr
                0x0020153c       0x28 obj_cc2538dk/cc2538-rf.o
                0x0020153c                cc2538_rf_err_isr
 .text.udma_init
                0x00201564       0x30 obj_cc2538dk/udma.o
                0x00201564                udma_init
 .text.udma_set_channel_src
                0x00201594       0x10 obj_cc2538dk/udma.o
                0x00201594                udma_set_channel_src
 .text.udma_set_channel_dst
                0x002015a4       0x14 obj_cc2538dk/udma.o
                0x002015a4                udma_set_channel_dst
 .text.udma_set_channel_control_word
                0x002015b8       0x14 obj_cc2538dk/udma.o
                0x002015b8                udma_set_channel_control_word
 .text.udma_channel_enable
                0x002015cc       0x18 obj_cc2538dk/udma.o
                0x002015cc                udma_channel_enable
 .text.udma_channel_mask_set
                0x002015e4       0x18 obj_cc2538dk/udma.o
                0x002015e4                udma_channel_mask_set
 .text.udma_channel_sw_request
                0x002015fc       0x18 obj_cc2538dk/udma.o
                0x002015fc                udma_channel_sw_request
 .text.udma_channel_get_mode
                0x00201614       0x1c obj_cc2538dk/udma.o
                0x00201614                udma_channel_get_mode
 .text.udma_isr
                0x00201630       0x10 obj_cc2538dk/udma.o
                0x00201630                udma_isr
 .text.udma_err_isr
                0x00201640        0xc obj_cc2538dk/udma.o
                0x00201640                udma_err_isr
 .text.select_32_mhz_xosc
                0x0020164c       0x2c obj_cc2538dk/lpm.o
 .text.lpm_exit
                0x00201678       0x34 obj_cc2538dk/lpm.o
                0x00201678                lpm_exit
 .text.lpm_enter
                0x002016ac       0xb0 obj_cc2538dk/lpm.o
                0x002016ac                lpm_enter
 .text.lpm_register_peripheral
                0x0020175c       0x20 obj_cc2538dk/lpm.o
                0x0020175c                lpm_register_peripheral
 .text.lpm_init
                0x0020177c       0x24 obj_cc2538dk/lpm.o
                0x0020177c                lpm_init
 .text.pka_isr  0x002017a0       0x24 obj_cc2538dk/pka.o
                0x002017a0                pka_isr
 .text.ieee_addr_cpy_to
                0x002017c4       0x74 obj_cc2538dk/ieee-addr.o
                0x002017c4                ieee_addr_cpy_to
 .text.printf   0x00201838       0x20 obj_cc2538dk/dbg-printf.o
                0x00201838                printf
 .text.fill_space
                0x00201858       0x34 obj_cc2538dk/strformat.o
 .text.format_str_v
                0x0020188c      0x6e8 obj_cc2538dk/strformat.o
                0x0020188c                format_str_v
 .text.process_thread_ctimer_process
                0x00201f74       0x80 obj_cc2538dk/ctimer.o
 .text.ctimer_init
                0x00201ff4       0x28 obj_cc2538dk/ctimer.o
                0x00201ff4                ctimer_init
 .text.ctimer_set_with_process
                0x0020201c       0x44 obj_cc2538dk/ctimer.o
                0x0020201c                ctimer_set_with_process
 .text.ctimer_set
                0x00202060       0x14 obj_cc2538dk/ctimer.o
                0x00202060                ctimer_set
 .text.ctimer_reset
                0x00202074       0x38 obj_cc2538dk/ctimer.o
                0x00202074                ctimer_reset
 .text.ctimer_stop
                0x002020ac       0x2c obj_cc2538dk/ctimer.o
                0x002020ac                ctimer_stop
 .text.stimer_expired
                0x002020d8       0x20 obj_cc2538dk/stimer.o
                0x002020d8                stimer_expired
 .text.update_time
                0x002020f8       0x44 obj_cc2538dk/etimer.o
 .text.etimer_request_poll
                0x0020213c        0xc obj_cc2538dk/etimer.o
                0x0020213c                etimer_request_poll
 .text.process_thread_etimer_process
                0x00202148       0x94 obj_cc2538dk/etimer.o
 .text.add_timer
                0x002021dc       0x40 obj_cc2538dk/etimer.o
 .text.etimer_pending
                0x0020221c       0x10 obj_cc2538dk/etimer.o
                0x0020221c                etimer_pending
 .text.etimer_stop
                0x0020222c       0x34 obj_cc2538dk/etimer.o
                0x0020222c                etimer_stop
 .text.call_process.part.0
                0x00202260       0x38 obj_cc2538dk/process.o
 .text.exit_process
                0x00202298       0x80 obj_cc2538dk/process.o
 .text.do_poll  0x00202318       0x30 obj_cc2538dk/process.o
 .text.process_alloc_event
                0x00202348       0x10 obj_cc2538dk/process.o
                0x00202348                process_alloc_event
 .text.process_init
                0x00202358       0x30 obj_cc2538dk/process.o
                0x00202358                process_init
 .text.process_run
                0x00202388       0xb0 obj_cc2538dk/process.o
                0x00202388                process_run
 .text.process_nevents
                0x00202438       0x14 obj_cc2538dk/process.o
                0x00202438                process_nevents
 .text.process_post
                0x0020244c       0x44 obj_cc2538dk/process.o
                0x0020244c                process_post
 .text.process_post_synch
                0x00202490       0x14 obj_cc2538dk/process.o
                0x00202490                process_post_synch
 .text.process_start
                0x002024a4       0x30 obj_cc2538dk/process.o
                0x002024a4                process_start
 .text.process_poll
                0x002024d4       0x18 obj_cc2538dk/process.o
                0x002024d4                process_poll
 .text.rtimer_set
                0x002024ec       0x24 obj_cc2538dk/rtimer.o
                0x002024ec                rtimer_set
 .text.rtimer_run_next
                0x00202510       0x28 obj_cc2538dk/rtimer.o
                0x00202510                rtimer_run_next
 .text.process_thread_serial_line_process
                0x00202538       0xa4 obj_cc2538dk/serial-line.o
 .text.serial_line_input_byte
                0x002025dc       0x54 obj_cc2538dk/serial-line.o
                0x002025dc                serial_line_input_byte
 .text.serial_line_init
                0x00202630       0x24 obj_cc2538dk/serial-line.o
                0x00202630                serial_line_init
 .text.random_rand
                0x00202654       0x20 obj_cc2538dk/random.o
                0x00202654                random_rand
 .text.random_init
                0x00202674       0x78 obj_cc2538dk/random.o
                0x00202674                random_init
 .text.echo_reply_input
                0x002026ec       0xe8 obj_cc2538dk/uip-icmp6.o
 .text.echo_request_input
                0x002027d4      0x100 obj_cc2538dk/uip-icmp6.o
 .text.uip_icmp6_input
                0x002028d4       0x38 obj_cc2538dk/uip-icmp6.o
                0x002028d4                uip_icmp6_input
 .text.uip_icmp6_register_input_handler
                0x0020290c        0xc obj_cc2538dk/uip-icmp6.o
                0x0020290c                uip_icmp6_register_input_handler
 .text.uip_icmp6_error_output
                0x00202918      0x148 obj_cc2538dk/uip-icmp6.o
                0x00202918                uip_icmp6_error_output
 .text.uip_icmp6_send
                0x00202a60       0x8c obj_cc2538dk/uip-icmp6.o
                0x00202a60                uip_icmp6_send
 .text.uip_icmp6_init
                0x00202aec       0x1c obj_cc2538dk/uip-icmp6.o
                0x00202aec                uip_icmp6_init
 .text.uip_ds6_prefix_add
                0x00202b08       0x64 obj_cc2538dk/uip-ds6.o
                0x00202b08                uip_ds6_prefix_add
 .text.uip_ds6_is_addr_onlink
                0x00202b6c       0x40 obj_cc2538dk/uip-ds6.o
                0x00202b6c                uip_ds6_is_addr_onlink
 .text.uip_ds6_addr_lookup
                0x00202bac       0x2c obj_cc2538dk/uip-ds6.o
                0x00202bac                uip_ds6_addr_lookup
 .text.uip_ds6_get_link_local
                0x00202bd8       0x40 obj_cc2538dk/uip-ds6.o
                0x00202bd8                uip_ds6_get_link_local
 .text.uip_ds6_maddr_add
                0x00202c18       0x4c obj_cc2538dk/uip-ds6.o
                0x00202c18                uip_ds6_maddr_add
 .text.uip_ds6_addr_add
                0x00202c64       0x94 obj_cc2538dk/uip-ds6.o
                0x00202c64                uip_ds6_addr_add
 .text.uip_ds6_maddr_lookup
                0x00202cf8       0x2c obj_cc2538dk/uip-ds6.o
                0x00202cf8                uip_ds6_maddr_lookup
 .text.uip_ds6_addr_rm
                0x00202d24       0x44 obj_cc2538dk/uip-ds6.o
                0x00202d24                uip_ds6_addr_rm
 .text.uip_ds6_periodic
                0x00202d68       0x50 obj_cc2538dk/uip-ds6.o
                0x00202d68                uip_ds6_periodic
 .text.uip_ds6_select_src
                0x00202db8       0x94 obj_cc2538dk/uip-ds6.o
                0x00202db8                uip_ds6_select_src
 .text.uip_ds6_compute_reachable_time
                0x00202e4c       0x28 obj_cc2538dk/uip-ds6.o
                0x00202e4c                uip_ds6_compute_reachable_time
 .text.uip_ds6_init
                0x00202e74       0xe0 obj_cc2538dk/uip-ds6.o
                0x00202e74                uip_ds6_init
 .text.call_route_callback
                0x00202f54       0x48 obj_cc2538dk/uip-ds6-route.o
 .text.uip_ds6_route_init
                0x00202f9c       0x4c obj_cc2538dk/uip-ds6-route.o
                0x00202f9c                uip_ds6_route_init
 .text.uip_ds6_route_nexthop
                0x00202fe8       0x20 obj_cc2538dk/uip-ds6-route.o
                0x00202fe8                uip_ds6_route_nexthop
 .text.uip_ds6_route_head
                0x00203008        0xc obj_cc2538dk/uip-ds6-route.o
                0x00203008                uip_ds6_route_head
 .text.uip_ds6_route_lookup
                0x00203014       0x64 obj_cc2538dk/uip-ds6-route.o
                0x00203014                uip_ds6_route_lookup
 .text.uip_ds6_route_rm
                0x00203078       0x9c obj_cc2538dk/uip-ds6-route.o
                0x00203078                uip_ds6_route_rm
 .text.rm_routelist
                0x00203114       0x30 obj_cc2538dk/uip-ds6-route.o
 .text.uip_ds6_route_add
                0x00203144      0x10c obj_cc2538dk/uip-ds6-route.o
                0x00203144                uip_ds6_route_add
 .text.uip_ds6_defrt_rm
                0x00203250       0x44 obj_cc2538dk/uip-ds6-route.o
                0x00203250                uip_ds6_defrt_rm
 .text.uip_ds6_defrt_lookup
                0x00203294       0x2c obj_cc2538dk/uip-ds6-route.o
                0x00203294                uip_ds6_defrt_lookup
 .text.uip_ds6_defrt_add
                0x002032c0       0x64 obj_cc2538dk/uip-ds6-route.o
                0x002032c0                uip_ds6_defrt_add
 .text.uip_ds6_defrt_choose
                0x00203324       0x30 obj_cc2538dk/uip-ds6-route.o
                0x00203324                uip_ds6_defrt_choose
 .text.uip_ds6_defrt_periodic
                0x00203354       0x30 obj_cc2538dk/uip-ds6-route.o
                0x00203354                uip_ds6_defrt_periodic
 .text.upper_layer_chksum
                0x00203384       0x54 obj_cc2538dk/uip6.o
 .text.ext_hdr_options_process
                0x002033d8       0xb0 obj_cc2538dk/uip6.o
 .text.uip_add32
                0x00203488       0x54 obj_cc2538dk/uip6.o
                0x00203488                uip_add32
 .text.unlikely.uip_add_rcv_nxt
                0x002034dc       0x2c obj_cc2538dk/uip6.o
 .text.uip_init
                0x00203508       0x6c obj_cc2538dk/uip6.o
                0x00203508                uip_init
 .text.remove_ext_hdr
                0x00203574       0x5c obj_cc2538dk/uip6.o
                0x00203574                remove_ext_hdr
 .text.uip_udp_new
                0x002035d0       0xb0 obj_cc2538dk/uip6.o
                0x002035d0                uip_udp_new
 .text.uip_unlisten
                0x00203680       0x34 obj_cc2538dk/uip6.o
                0x00203680                uip_unlisten
 .text.uip_process
                0x002036b4      0xde0 obj_cc2538dk/uip6.o
                0x002036b4                uip_process
 .text.uip_ds6_nbr_rm
                0x00204494       0x20 obj_cc2538dk/uip-ds6-nbr.o
                0x00204494                uip_ds6_nbr_rm
 .text.uip_ds6_neighbors_init
                0x002044b4       0x14 obj_cc2538dk/uip-ds6-nbr.o
                0x002044b4                uip_ds6_neighbors_init
 .text.uip_ds6_nbr_add
                0x002044c8       0x60 obj_cc2538dk/uip-ds6-nbr.o
                0x002044c8                uip_ds6_nbr_add
 .text.uip_ds6_nbr_get_ll
                0x00204528       0x10 obj_cc2538dk/uip-ds6-nbr.o
                0x00204528                uip_ds6_nbr_get_ll
 .text.uip_ds6_nbr_lookup
                0x00204538       0x38 obj_cc2538dk/uip-ds6-nbr.o
                0x00204538                uip_ds6_nbr_lookup
 .text.uip_ds6_nbr_ll_lookup
                0x00204570       0x10 obj_cc2538dk/uip-ds6-nbr.o
                0x00204570                uip_ds6_nbr_ll_lookup
 .text.uip_ds6_link_neighbor_callback
                0x00204580       0x2c obj_cc2538dk/uip-ds6-nbr.o
                0x00204580                uip_ds6_link_neighbor_callback
 .text.uip_ds6_neighbor_periodic
                0x002045ac      0x10c obj_cc2538dk/uip-ds6-nbr.o
                0x002045ac                uip_ds6_neighbor_periodic
 .text.na_input
                0x002046b8      0x1d8 obj_cc2538dk/uip-nd6.o
 .text.ns_input
                0x00204890      0x268 obj_cc2538dk/uip-nd6.o
 .text.uip_nd6_ns_output
                0x00204af8      0x164 obj_cc2538dk/uip-nd6.o
                0x00204af8                uip_nd6_ns_output
 .text.uip_nd6_init
                0x00204c5c       0x1c obj_cc2538dk/uip-nd6.o
                0x00204c5c                uip_nd6_init
 .text.sicslowpan_init
                0x00204c78       0x24 obj_cc2538dk/sicslowpan.o
                0x00204c78                sicslowpan_init
 .text.set_packet_attrs
                0x00204c9c       0x44 obj_cc2538dk/sicslowpan.o
 .text.compress_addr_64
                0x00204ce0       0x90 obj_cc2538dk/sicslowpan.o
 .text.addr_context_lookup_by_prefix
                0x00204d70       0x28 obj_cc2538dk/sicslowpan.o
 .text.send_packet
                0x00204d98       0x24 obj_cc2538dk/sicslowpan.o
 .text.packet_sent
                0x00204dbc       0x28 obj_cc2538dk/sicslowpan.o
 .text.uncompress_addr
                0x00204de4       0xa4 obj_cc2538dk/sicslowpan.o
 .text.output   0x00204e88      0x690 obj_cc2538dk/sicslowpan.o
 .text.input    0x00205518      0x5f8 obj_cc2538dk/sicslowpan.o
 .text.uip_debug_ipaddr_print
                0x00205b10       0xa0 obj_cc2538dk/uip-debug.o
                0x00205b10                uip_debug_ipaddr_print
 .text.uip_udp_packet_send
                0x00205bb0       0x38 obj_cc2538dk/uip-udp-packet.o
                0x00205bb0                uip_udp_packet_send
 .text.start_periodic_tcp_timer
                0x00205be8       0x1c obj_cc2538dk/tcpip.o
 .text.tcpip_output
                0x00205c04       0x10 obj_cc2538dk/tcpip.o
                0x00205c04                tcpip_output
 .text.tcpip_set_outputfunc
                0x00205c14        0xc obj_cc2538dk/tcpip.o
                0x00205c14                tcpip_set_outputfunc
 .text.udp_new  0x00205c20       0x18 obj_cc2538dk/tcpip.o
                0x00205c20                udp_new
 .text.tcpip_icmp6_call
                0x00205c38       0x28 obj_cc2538dk/tcpip.o
                0x00205c38                tcpip_icmp6_call
 .text.tcpip_input
                0x00205c60       0x24 obj_cc2538dk/tcpip.o
                0x00205c60                tcpip_input
 .text.tcpip_ipv6_output
                0x00205c84      0x118 obj_cc2538dk/tcpip.o
                0x00205c84                tcpip_ipv6_output
 .text.process_thread_tcpip_process
                0x00205d9c      0x1e0 obj_cc2538dk/tcpip.o
 .text.tcpip_uipcall
                0x00205f7c       0x7c obj_cc2538dk/tcpip.o
                0x00205f7c                tcpip_uipcall
 .text.dao_ack_input
                0x00205ff8       0x14 obj_cc2538dk/rpl-icmp6.o
 .text.dio_input
                0x0020600c      0x288 obj_cc2538dk/rpl-icmp6.o
 .text.dis_output
                0x00206294       0x54 obj_cc2538dk/rpl-icmp6.o
                0x00206294                dis_output
 .text.dio_output
                0x002062e8      0x20c obj_cc2538dk/rpl-icmp6.o
                0x002062e8                dio_output
 .text.dis_input
                0x002064f4       0x3c obj_cc2538dk/rpl-icmp6.o
 .text.dao_output_target
                0x00206530       0xe0 obj_cc2538dk/rpl-icmp6.o
                0x00206530                dao_output_target
 .text.dao_output
                0x00206610       0x64 obj_cc2538dk/rpl-icmp6.o
                0x00206610                dao_output
 .text.dao_ack_output
                0x00206674       0x34 obj_cc2538dk/rpl-icmp6.o
                0x00206674                dao_ack_output
 .text.dao_input
                0x002066a8      0x1e4 obj_cc2538dk/rpl-icmp6.o
 .text.rpl_icmp6_register_handlers
                0x0020688c       0x30 obj_cc2538dk/rpl-icmp6.o
                0x0020688c                rpl_icmp6_register_handlers
 .text.rpl_set_preferred_parent
                0x002068bc       0x28 obj_cc2538dk/rpl-dag.o
 .text.set_ip_from_prefix
                0x002068e4       0x2c obj_cc2538dk/rpl-dag.o
 .text.find_parent_any_dag_any_instance
                0x00206910       0x1c obj_cc2538dk/rpl-dag.o
 .text.rpl_get_nbr
                0x0020692c       0x28 obj_cc2538dk/rpl-dag.o
                0x0020692c                rpl_get_nbr
 .text.rpl_dag_init
                0x00206954       0x14 obj_cc2538dk/rpl-dag.o
                0x00206954                rpl_dag_init
 .text.rpl_get_parent
                0x00206968       0x10 obj_cc2538dk/rpl-dag.o
                0x00206968                rpl_get_parent
 .text.rpl_get_parent_ipaddr
                0x00206978       0x18 obj_cc2538dk/rpl-dag.o
                0x00206978                rpl_get_parent_ipaddr
 .text.rpl_alloc_instance
                0x00206990       0x34 obj_cc2538dk/rpl-dag.o
                0x00206990                rpl_alloc_instance
 .text.rpl_add_parent
                0x002069c4       0x44 obj_cc2538dk/rpl-dag.o
                0x002069c4                rpl_add_parent
 .text.rpl_select_parent
                0x00206a08       0x6c obj_cc2538dk/rpl-dag.o
                0x00206a08                rpl_select_parent
 .text.rpl_remove_parent
                0x00206a74       0x1c obj_cc2538dk/rpl-dag.o
                0x00206a74                rpl_remove_parent
 .text.remove_parents.constprop.4
                0x00206a90       0x2c obj_cc2538dk/rpl-dag.o
 .text.rpl_get_any_dag
                0x00206abc       0x18 obj_cc2538dk/rpl-dag.o
                0x00206abc                rpl_get_any_dag
 .text.rpl_get_instance
                0x00206ad4       0x20 obj_cc2538dk/rpl-dag.o
                0x00206ad4                rpl_get_instance
 .text.rpl_find_of
                0x00206af4       0x14 obj_cc2538dk/rpl-dag.o
                0x00206af4                rpl_find_of
 .text.rpl_join_instance
                0x00206b08      0x118 obj_cc2538dk/rpl-dag.o
                0x00206b08                rpl_join_instance
 .text.rpl_local_repair
                0x00206c20       0x58 obj_cc2538dk/rpl-dag.o
                0x00206c20                rpl_local_repair
 .text.rpl_recalculate_ranks
                0x00206c78       0x3c obj_cc2538dk/rpl-dag.o
                0x00206c78                rpl_recalculate_ranks
 .text.new_dio_interval
                0x00206cb4       0x58 obj_cc2538dk/rpl-timers.o
 .text.handle_periodic_timer
                0x00206d0c       0x3c obj_cc2538dk/rpl-timers.o
 .text.set_dao_lifetime_timer
                0x00206d48       0x3c obj_cc2538dk/rpl-timers.o
 .text.handle_dio_timer
                0x00206d84       0x80 obj_cc2538dk/rpl-timers.o
 .text.schedule_dao
                0x00206e04       0x54 obj_cc2538dk/rpl-timers.o
 .text.handle_dao_timer
                0x00206e58       0x58 obj_cc2538dk/rpl-timers.o
 .text.rpl_reset_periodic_timer
                0x00206eb0       0x34 obj_cc2538dk/rpl-timers.o
                0x00206eb0                rpl_reset_periodic_timer
 .text.rpl_schedule_unicast_dio_immediately
                0x00206ee4       0x14 obj_cc2538dk/rpl-timers.o
                0x00206ee4                rpl_schedule_unicast_dio_immediately
 .text.rpl_schedule_probing
                0x00206ef8       0x30 obj_cc2538dk/rpl-timers.o
                0x00206ef8                rpl_schedule_probing
 .text.handle_probing_timer
                0x00206f28       0xd0 obj_cc2538dk/rpl-timers.o
 .text.rpl_verify_header
                0x00206ff8      0x114 obj_cc2538dk/rpl-ext-header.o
                0x00206ff8                rpl_verify_header
 .text.rpl_update_header_empty
                0x0020710c      0x13c obj_cc2538dk/rpl-ext-header.o
                0x0020710c                rpl_update_header_empty
 .text.rpl_update_header_final
                0x00207248       0x88 obj_cc2538dk/rpl-ext-header.o
                0x00207248                rpl_update_header_final
 .text.rpl_invert_header
                0x002072d0       0x68 obj_cc2538dk/rpl-ext-header.o
                0x002072d0                rpl_invert_header
 .text.rpl_insert_header
                0x00207338       0x1c obj_cc2538dk/rpl-ext-header.o
                0x00207338                rpl_insert_header
 .text.rpl_get_mode
                0x00207354        0xc obj_cc2538dk/rpl.o
                0x00207354                rpl_get_mode
 .text.rpl_purge_routes
                0x00207360       0x64 obj_cc2538dk/rpl.o
                0x00207360                rpl_purge_routes
 .text.rpl_link_neighbor_callback
                0x002073c4       0x70 obj_cc2538dk/rpl.o
                0x002073c4                rpl_link_neighbor_callback
 .text.rpl_ipv6_neighbor_callback
                0x00207434       0x28 obj_cc2538dk/rpl.o
                0x00207434                rpl_ipv6_neighbor_callback
 .text.rpl_purge_dags
                0x0020745c       0x3c obj_cc2538dk/rpl.o
                0x0020745c                rpl_purge_dags
 .text.rpl_init
                0x00207498       0x58 obj_cc2538dk/rpl.o
                0x00207498                rpl_init
 .text.queuebuf_init
                0x002074f0       0x1c obj_cc2538dk/queuebuf.o
                0x002074f0                queuebuf_init
 .text.queuebuf_numfree
                0x0020750c        0xc obj_cc2538dk/queuebuf.o
                0x0020750c                queuebuf_numfree
 .text.queuebuf_new_from_packetbuf
                0x00207518       0x44 obj_cc2538dk/queuebuf.o
                0x00207518                queuebuf_new_from_packetbuf
 .text.queuebuf_free
                0x0020755c       0x2c obj_cc2538dk/queuebuf.o
                0x0020755c                queuebuf_free
 .text.queuebuf_to_packetbuf
                0x00207588       0x30 obj_cc2538dk/queuebuf.o
                0x00207588                queuebuf_to_packetbuf
 .text.index_from_key
                0x002075b8       0x20 obj_cc2538dk/nbr-table.o
 .text.index_from_lladdr
                0x002075d8       0x40 obj_cc2538dk/nbr-table.o
 .text.key_from_item
                0x00207618       0x2c obj_cc2538dk/nbr-table.o
 .text.nbr_get_bit.constprop.0
                0x00207644       0x30 obj_cc2538dk/nbr-table.o
 .text.nbr_table_register
                0x00207674       0x28 obj_cc2538dk/nbr-table.o
                0x00207674                nbr_table_register
 .text.nbr_table_head
                0x0020769c       0x34 obj_cc2538dk/nbr-table.o
                0x0020769c                nbr_table_head
 .text.nbr_table_add_lladdr
                0x002076d0      0x11c obj_cc2538dk/nbr-table.o
                0x002076d0                nbr_table_add_lladdr
 .text.nbr_table_remove
                0x002077ec       0x2c obj_cc2538dk/nbr-table.o
                0x002077ec                nbr_table_remove
 .text.nbr_table_lock
                0x00207818       0x14 obj_cc2538dk/nbr-table.o
                0x00207818                nbr_table_lock
 .text.nbr_table_unlock
                0x0020782c       0x14 obj_cc2538dk/nbr-table.o
                0x0020782c                nbr_table_unlock
 .text.packetbuf_copyto
                0x00207840       0x50 obj_cc2538dk/packetbuf.o
                0x00207840                packetbuf_copyto
 .text.packetbuf_hdrreduce
                0x00207890       0x2c obj_cc2538dk/packetbuf.o
                0x00207890                packetbuf_hdrreduce
 .text.packetbuf_set_datalen
                0x002078bc        0xc obj_cc2538dk/packetbuf.o
                0x002078bc                packetbuf_set_datalen
 .text.packetbuf_dataptr
                0x002078c8       0x14 obj_cc2538dk/packetbuf.o
                0x002078c8                packetbuf_dataptr
 .text.packetbuf_hdrptr
                0x002078dc       0x14 obj_cc2538dk/packetbuf.o
                0x002078dc                packetbuf_hdrptr
 .text.packetbuf_datalen
                0x002078f0        0xc obj_cc2538dk/packetbuf.o
                0x002078f0                packetbuf_datalen
 .text.packetbuf_hdrlen
                0x002078fc       0x1c obj_cc2538dk/packetbuf.o
                0x002078fc                packetbuf_hdrlen
 .text.packetbuf_totlen
                0x00207918       0x14 obj_cc2538dk/packetbuf.o
                0x00207918                packetbuf_totlen
 .text.packetbuf_hdralloc
                0x0020792c       0x28 obj_cc2538dk/packetbuf.o
                0x0020792c                packetbuf_hdralloc
 .text.packetbuf_attr_clear
                0x00207954       0x38 obj_cc2538dk/packetbuf.o
                0x00207954                packetbuf_attr_clear
 .text.packetbuf_clear
                0x0020798c       0x30 obj_cc2538dk/packetbuf.o
                0x0020798c                packetbuf_clear
 .text.packetbuf_copyfrom
                0x002079bc       0x2c obj_cc2538dk/packetbuf.o
                0x002079bc                packetbuf_copyfrom
 .text.packetbuf_attr_copyto
                0x002079e8       0x34 obj_cc2538dk/packetbuf.o
                0x002079e8                packetbuf_attr_copyto
 .text.packetbuf_attr_copyfrom
                0x00207a1c       0x34 obj_cc2538dk/packetbuf.o
                0x00207a1c                packetbuf_attr_copyfrom
 .text.packetbuf_set_attr
                0x00207a50       0x10 obj_cc2538dk/packetbuf.o
                0x00207a50                packetbuf_set_attr
 .text.packetbuf_attr
                0x00207a60        0xc obj_cc2538dk/packetbuf.o
                0x00207a60                packetbuf_attr
 .text.packetbuf_set_addr
                0x00207a6c       0x18 obj_cc2538dk/packetbuf.o
                0x00207a6c                packetbuf_set_addr
 .text.packetbuf_addr
                0x00207a84       0x10 obj_cc2538dk/packetbuf.o
                0x00207a84                packetbuf_addr
 .text.packetbuf_holds_broadcast
                0x00207a94       0x10 obj_cc2538dk/packetbuf.o
                0x00207a94                packetbuf_holds_broadcast
 .text.netstack_init
                0x00207aa4       0x38 obj_cc2538dk/netstack.o
                0x00207aa4                netstack_init
 .text.mac_sequence_is_duplicate
                0x00207adc       0x38 obj_cc2538dk/mac-sequence.o
                0x00207adc                mac_sequence_is_duplicate
 .text.mac_sequence_register_seqno
                0x00207b14       0x64 obj_cc2538dk/mac-sequence.o
                0x00207b14                mac_sequence_register_seqno
 .text.input_packet
                0x00207b78        0xc obj_cc2538dk/csma.o
 .text.on       0x00207b84        0xc obj_cc2538dk/csma.o
 .text.off      0x00207b90        0xc obj_cc2538dk/csma.o
 .text.channel_check_interval
                0x00207b9c       0x10 obj_cc2538dk/csma.o
 .text.transmit_packet_list
                0x00207bac       0x30 obj_cc2538dk/csma.o
 .text.send_packet
                0x00207bdc      0x148 obj_cc2538dk/csma.o
 .text.init     0x00207d24       0x24 obj_cc2538dk/csma.o
 .text.free_packet
                0x00207d48       0x98 obj_cc2538dk/csma.o
 .text.packet_sent
                0x00207de0       0xf8 obj_cc2538dk/csma.o
 .text.frame802154_get_pan_id
                0x00207ed8        0xc obj_cc2538dk/frame802154.o
                0x00207ed8                frame802154_get_pan_id
 .text.frame802154_parse
                0x00207ee4      0x174 obj_cc2538dk/frame802154.o
                0x00207ee4                frame802154_parse
 .text.create_frame.isra.0
                0x00208058      0x124 obj_cc2538dk/framer-802154.o
 .text.init     0x0020817c       0x40 obj_cc2538dk/contikimac.o
 .text.on       0x002081bc       0x2c obj_cc2538dk/contikimac.o
 .text.off      0x002081e8       0x38 obj_cc2538dk/contikimac.o
 .text.recv_burst_off
                0x00208220       0x14 obj_cc2538dk/contikimac.o
 .text.powercycle_turn_radio_off
                0x00208234       0x1c obj_cc2538dk/contikimac.o
 .text.turn_off
                0x00208250       0x38 obj_cc2538dk/contikimac.o
 .text.turn_on  0x00208288       0x40 obj_cc2538dk/contikimac.o
 .text.schedule_powercycle_fixed
                0x002082c8       0x34 obj_cc2538dk/contikimac.o
 .text.input_packet
                0x002082fc       0xa8 obj_cc2538dk/contikimac.o
 .text.send_packet.isra.8
                0x002083a4      0x1f8 obj_cc2538dk/contikimac.o
 .text.qsend_list
                0x0020859c       0xc4 obj_cc2538dk/contikimac.o
 .text.powercycle_wrapper
                0x00208660      0x1ec obj_cc2538dk/contikimac.o
 .text.input    0x0020884c        0xc obj_cc2538dk/nullsec.o
 .text.send     0x00208858       0x20 obj_cc2538dk/nullsec.o
 .text.process_thread_udp_echo_server_process
                0x00208878       0xfc udp-echo-server.co
 .text          0x00208974       0x30 /usr/lib/gcc/arm-none-eabi/4.9.3/armv7-m/libgcc.a(_aeabi_uldivmod.o)
                0x00208974                __aeabi_uldivmod
 .text          0x002089a4       0x60 /usr/lib/gcc/arm-none-eabi/4.9.3/armv7-m/libgcc.a(bpabi.o)
                0x002089a4                __gnu_ldivmod_helper
                0x002089d4                __gnu_uldivmod_helper
 .text          0x00208a04        0x4 /usr/lib/gcc/arm-none-eabi/4.9.3/armv7-m/libgcc.a(_dvmd_tls.o)
                0x00208a04                __aeabi_ldiv0
                0x00208a04                __aeabi_idiv0
 .text          0x00208a08      0x2ac /usr/lib/gcc/arm-none-eabi/4.9.3/armv7-m/libgcc.a(_divdi3.o)
                0x00208a08                __divdi3
 .text          0x00208cb4      0x270 /usr/lib/gcc/arm-none-eabi/4.9.3/armv7-m/libgcc.a(_udivdi3.o)
                0x00208cb4                __udivdi3
 .text.memcmp   0x00208f24       0x64 /usr/lib/gcc/arm-none-eabi/4.9.3/../../../arm-none-eabi/lib/armv7-m/libc.a(lib_a-memcmp.o)
                0x00208f24                memcmp
 .text          0x00208f88       0xec /usr/lib/gcc/arm-none-eabi/4.9.3/../../../arm-none-eabi/lib/armv7-m/libc.a(lib_a-memcpy.o)
                0x00208f88                memcpy
 .text.memmove  0x00209074       0xc8 /usr/lib/gcc/arm-none-eabi/4.9.3/../../../arm-none-eabi/lib/armv7-m/libc.a(lib_a-memmove.o)
                0x00209074                memmove
 .text.memset   0x0020913c       0x9c /usr/lib/gcc/arm-none-eabi/4.9.3/../../../arm-none-eabi/lib/armv7-m/libc.a(lib_a-memset.o)
                0x0020913c                memset
 .text.default_handler
                0x002091d8        0x2 obj_cc2538dk/startup-gcc.o
                0x002091d8                default_handler
 .text.nmi_handler
                0x002091da        0x6 obj_cc2538dk/startup-gcc.o
                0x002091da                nmi_handler
 .text.fade     0x002091e0       0x54 obj_cc2538dk/contiki-main.o
 .text.config   0x00209234       0x40 obj_cc2538dk/button-sensor.o
 .text.status   0x00209274        0x4 obj_cc2538dk/als-sensor.o
 .text.clock_isr
                0x00209278        0x4 obj_cc2538dk/clock.o
                0x00209278                clock_isr
 .text.rtimer_arch_init
                0x0020927c        0x2 obj_cc2538dk/rtimer-arch.o
                0x0020927c                rtimer_arch_init
 .text.uart0_isr
                0x0020927e        0x6 obj_cc2538dk/uart.o
                0x0020927e                uart0_isr
 .text.uart1_isr
                0x00209284        0x6 obj_cc2538dk/uart.o
                0x00209284                uart1_isr
 .text.cpu_cpsie
                0x0020928a        0x8 obj_cc2538dk/cpu.o
                0x0020928a                cpu_cpsie
 .text.cpu_cpsid
                0x00209292        0x8 obj_cc2538dk/cpu.o
                0x00209292                cpu_cpsid
 .text.gpio_port_a_isr
                0x0020929a        0x6 obj_cc2538dk/gpio.o
                0x0020929a                gpio_port_a_isr
 .text.gpio_port_b_isr
                0x002092a0        0x6 obj_cc2538dk/gpio.o
                0x002092a0                gpio_port_b_isr
 .text.gpio_port_c_isr
                0x002092a6        0x6 obj_cc2538dk/gpio.o
                0x002092a6                gpio_port_c_isr
 .text.gpio_port_d_isr
                0x002092ac        0x6 obj_cc2538dk/gpio.o
                0x002092ac                gpio_port_d_isr
 .text.send     0x002092b2       0x12 obj_cc2538dk/cc2538-rf.o
 .text.putchar  0x002092c4       0x10 obj_cc2538dk/dbg.o
                0x002092c4                putchar
 .text.dbg_send_bytes
                0x002092d4       0x20 obj_cc2538dk/dbg.o
                0x002092d4                dbg_send_bytes
 .text.puts     0x002092f4       0x20 obj_cc2538dk/dbg.o
                0x002092f4                puts
 .text.configure
                0x00209314        0x4 obj_cc2538dk/cc2538-temp-sensor.o
 .text.status   0x00209318        0x4 obj_cc2538dk/cc2538-temp-sensor.o
 .text.value    0x0020931c       0x34 obj_cc2538dk/cc2538-temp-sensor.o
 .text.configure
                0x00209350        0x4 obj_cc2538dk/vdd3-sensor.o
 .text.status   0x00209354        0x4 obj_cc2538dk/vdd3-sensor.o
 .text.value    0x00209358       0x2a obj_cc2538dk/vdd3-sensor.o
 .text.write_str
                0x00209382       0x10 obj_cc2538dk/dbg-printf.o
 .text.autostart_start
                0x00209392       0x14 obj_cc2538dk/autostart.o
                0x00209392                autostart_start
 .text.energest_init
                0x002093a6        0x2 obj_cc2538dk/energest.o
                0x002093a6                energest_init
 .text.stimer_set
                0x002093a8        0xe obj_cc2538dk/stimer.o
                0x002093a8                stimer_set
 .text.etimer_set
                0x002093b6       0x12 obj_cc2538dk/etimer.o
                0x002093b6                etimer_set
 .text.etimer_reset
                0x002093c8       0x12 obj_cc2538dk/etimer.o
                0x002093c8                etimer_reset
 .text.etimer_restart
                0x002093da       0x12 obj_cc2538dk/etimer.o
                0x002093da                etimer_restart
 .text.etimer_expired
                0x002093ec        0xa obj_cc2538dk/etimer.o
                0x002093ec                etimer_expired
 .text.etimer_expiration_time
                0x002093f6        0x6 obj_cc2538dk/etimer.o
                0x002093f6                etimer_expiration_time
 .text.call_process
                0x002093fc        0xc obj_cc2538dk/process.o
 .text.rtimer_init
                0x00209408        0x4 obj_cc2538dk/rtimer.o
                0x00209408                rtimer_init
 .text.timer_set
                0x0020940c        0xe obj_cc2538dk/timer.o
                0x0020940c                timer_set
 .text.timer_reset
                0x0020941a        0xa obj_cc2538dk/timer.o
                0x0020941a                timer_reset
 .text.timer_restart
                0x00209424        0xc obj_cc2538dk/timer.o
                0x00209424                timer_restart
 .text.timer_expired
                0x00209430       0x1c obj_cc2538dk/timer.o
                0x00209430                timer_expired
 .text.ringbuf_init
                0x0020944c        0xe obj_cc2538dk/ringbuf.o
                0x0020944c                ringbuf_init
 .text.ringbuf_put
                0x0020945a       0x28 obj_cc2538dk/ringbuf.o
                0x0020945a                ringbuf_put
 .text.ringbuf_get
                0x00209482       0x20 obj_cc2538dk/ringbuf.o
                0x00209482                ringbuf_get
 .text.list_init
                0x002094a2        0x6 obj_cc2538dk/list.o
                0x002094a2                list_init
 .text.list_head
                0x002094a8        0x4 obj_cc2538dk/list.o
                0x002094a8                list_head
 .text.list_tail
                0x002094ac       0x10 obj_cc2538dk/list.o
                0x002094ac                list_tail
 .text.list_remove
                0x002094bc       0x28 obj_cc2538dk/list.o
                0x002094bc                list_remove
 .text.list_add
                0x002094e4       0x1e obj_cc2538dk/list.o
                0x002094e4                list_add
 .text.list_push
                0x00209502       0x12 obj_cc2538dk/list.o
                0x00209502                list_push
 .text.list_length
                0x00209514        0xe obj_cc2538dk/list.o
                0x00209514                list_length
 .text.list_item_next
                0x00209522        0x6 obj_cc2538dk/list.o
                0x00209522                list_item_next
 .text.memb_init
                0x00209528       0x20 obj_cc2538dk/memb.o
                0x00209528                memb_init
 .text.memb_alloc
                0x00209548       0x28 obj_cc2538dk/memb.o
                0x00209548                memb_alloc
 .text.memb_free
                0x00209570       0x2c obj_cc2538dk/memb.o
                0x00209570                memb_free
 .text.memb_inmemb
                0x0020959c       0x1c obj_cc2538dk/memb.o
                0x0020959c                memb_inmemb
 .text.memb_numfree
                0x002095b8       0x1c obj_cc2538dk/memb.o
                0x002095b8                memb_numfree
 .text.uip_ds6_list_loop
                0x002095d4       0x48 obj_cc2538dk/uip-ds6.o
                0x002095d4                uip_ds6_list_loop
 .text.uip_ds6_maddr_rm
                0x0020961c        0x8 obj_cc2538dk/uip-ds6.o
                0x0020961c                uip_ds6_maddr_rm
 .text.uip_ds6_set_addr_iid
                0x00209624       0x12 obj_cc2538dk/uip-ds6.o
                0x00209624                uip_ds6_set_addr_iid
 .text.get_match_length
                0x00209636       0x3a obj_cc2538dk/uip-ds6.o
                0x00209636                get_match_length
 .text.uip_ds6_route_next
                0x00209670        0x8 obj_cc2538dk/uip-ds6-route.o
                0x00209670                uip_ds6_route_next
 .text.rm_routelist_callback
                0x00209678        0x4 obj_cc2538dk/uip-ds6-route.o
 .text.chksum   0x0020967c       0x38 obj_cc2538dk/uip6.o
 .text.uip_icmp6chksum
                0x002096b4        0x6 obj_cc2538dk/uip6.o
                0x002096b4                uip_icmp6chksum
 .text.uip_tcpchksum
                0x002096ba        0x6 obj_cc2538dk/uip6.o
                0x002096ba                uip_tcpchksum
 .text.uip_udpchksum
                0x002096c0        0x6 obj_cc2538dk/uip6.o
                0x002096c0                uip_udpchksum
 .text.uip_htonl
                0x002096c6       0x14 obj_cc2538dk/uip6.o
                0x002096c6                uip_htonl
 .text.uip_ds6_nbr_ipaddr_from_lladdr
                0x002096da        0x4 obj_cc2538dk/uip-ds6-nbr.o
                0x002096da                uip_ds6_nbr_ipaddr_from_lladdr
 .text.uip_ds6_nbr_lladdr_from_ipaddr
                0x002096de       0x12 obj_cc2538dk/uip-ds6-nbr.o
                0x002096de                uip_ds6_nbr_lladdr_from_ipaddr
 .text.get32    0x002096f0       0x18 obj_cc2538dk/rpl-icmp6.o
 .text.set32    0x00209708       0x12 obj_cc2538dk/rpl-icmp6.o
 .text.get16    0x0020971a        0xc obj_cc2538dk/rpl-icmp6.o
 .text.set16    0x00209726        0xa obj_cc2538dk/rpl-icmp6.o
 .text.lollipop_greater_than
                0x00209730       0x34 obj_cc2538dk/rpl-dag.o
 .text.check_prefix
                0x00209764       0x58 obj_cc2538dk/rpl-dag.o
 .text.rpl_set_prefix
                0x002097bc       0x6c obj_cc2538dk/rpl-dag.o
                0x002097bc                rpl_set_prefix
 .text.rpl_set_default_route
                0x00209828       0x38 obj_cc2538dk/rpl-dag.o
                0x00209828                rpl_set_default_route
 .text.rpl_find_parent
                0x00209860       0x16 obj_cc2538dk/rpl-dag.o
                0x00209860                rpl_find_parent
 .text.rpl_find_parent_any_dag
                0x00209876       0x1e obj_cc2538dk/rpl-dag.o
                0x00209876                rpl_find_parent_any_dag
 .text.rpl_select_dag
                0x00209894      0x152 obj_cc2538dk/rpl-dag.o
                0x00209894                rpl_select_dag
 .text.rpl_nullify_parent
                0x002099e6       0x48 obj_cc2538dk/rpl-dag.o
                0x002099e6                rpl_nullify_parent
 .text.nbr_callback
                0x00209a2e        0x4 obj_cc2538dk/rpl-dag.o
 .text.rpl_free_dag
                0x00209a32       0x2e obj_cc2538dk/rpl-dag.o
                0x00209a32                rpl_free_dag
 .text.rpl_move_parent
                0x00209a60       0x48 obj_cc2538dk/rpl-dag.o
                0x00209a60                rpl_move_parent
 .text.rpl_repair_root
                0x00209aa8       0x48 obj_cc2538dk/rpl-dag.o
                0x00209aa8                rpl_repair_root
 .text.rpl_alloc_dag
                0x00209af0       0x48 obj_cc2538dk/rpl-dag.o
                0x00209af0                rpl_alloc_dag
 .text.rpl_process_parent_event
                0x00209b38       0x60 obj_cc2538dk/rpl-dag.o
                0x00209b38                rpl_process_parent_event
 .text.rpl_add_dag
                0x00209b98      0x10c obj_cc2538dk/rpl-dag.o
                0x00209b98                rpl_add_dag
 .text.rpl_process_dio
                0x00209ca4      0x2bc obj_cc2538dk/rpl-dag.o
                0x00209ca4                rpl_process_dio
 .text.handle_unicast_dio_timer
                0x00209f60       0x1c obj_cc2538dk/rpl-timers.o
 .text.rpl_reset_dio_timer
                0x00209f7c       0x1c obj_cc2538dk/rpl-timers.o
                0x00209f7c                rpl_reset_dio_timer
 .text.rpl_schedule_dao
                0x00209f98        0x8 obj_cc2538dk/rpl-timers.o
                0x00209f98                rpl_schedule_dao
 .text.rpl_remove_routes
                0x00209fa0       0x1e obj_cc2538dk/rpl.o
                0x00209fa0                rpl_remove_routes
 .text.rpl_remove_routes_by_nexthop
                0x00209fbe       0x36 obj_cc2538dk/rpl.o
                0x00209fbe                rpl_remove_routes_by_nexthop
 .text.rpl_add_route
                0x00209ff4       0x28 obj_cc2538dk/rpl.o
                0x00209ff4                rpl_add_route
 .text.reset    0x0020a01c        0x2 obj_cc2538dk/rpl-mrhof.o
 .text.update_metric_container
                0x0020a01e        0x6 obj_cc2538dk/rpl-mrhof.o
 .text.calculate_rank
                0x0020a024       0x34 obj_cc2538dk/rpl-mrhof.o
 .text.neighbor_link_callback
                0x0020a058       0x46 obj_cc2538dk/rpl-mrhof.o
 .text.best_dag
                0x0020a09e       0x2c obj_cc2538dk/rpl-mrhof.o
 .text.best_parent
                0x0020a0ca       0x5a obj_cc2538dk/rpl-mrhof.o
 .text.queuebuf_update_attr_from_packetbuf
                0x0020a124        0xc obj_cc2538dk/queuebuf.o
                0x0020a124                queuebuf_update_attr_from_packetbuf
 .text.queuebuf_update_from_packetbuf
                0x0020a130       0x1c obj_cc2538dk/queuebuf.o
                0x0020a130                queuebuf_update_from_packetbuf
 .text.queuebuf_attr
                0x0020a14c        0xc obj_cc2538dk/queuebuf.o
                0x0020a14c                queuebuf_attr
 .text.nbr_set_bit
                0x0020a158       0x38 obj_cc2538dk/nbr-table.o
 .text.item_from_key
                0x0020a190       0x22 obj_cc2538dk/nbr-table.o
 .text.nbr_table_next
                0x0020a1b2       0x2e obj_cc2538dk/nbr-table.o
                0x0020a1b2                nbr_table_next
 .text.nbr_table_get_from_lladdr
                0x0020a1e0       0x32 obj_cc2538dk/nbr-table.o
                0x0020a1e0                nbr_table_get_from_lladdr
 .text.nbr_table_get_lladdr
                0x0020a212        0xc obj_cc2538dk/nbr-table.o
                0x0020a212                nbr_table_get_lladdr
 .text.linkaddr_copy
                0x0020a21e        0xa obj_cc2538dk/linkaddr.o
                0x0020a21e                linkaddr_copy
 .text.linkaddr_cmp
                0x0020a228       0x10 obj_cc2538dk/linkaddr.o
                0x0020a228                linkaddr_cmp
 .text.frame802154_has_panid
                0x0020a238       0x4c obj_cc2538dk/frame802154.o
                0x0020a238                frame802154_has_panid
 .text.field_len
                0x0020a284       0x84 obj_cc2538dk/frame802154.o
 .text.frame802154_is_broadcast_addr
                0x0020a308       0x1e obj_cc2538dk/frame802154.o
                0x0020a308                frame802154_is_broadcast_addr
 .text.frame802154_hdrlen
                0x0020a326       0x32 obj_cc2538dk/frame802154.o
                0x0020a326                frame802154_hdrlen
 .text.frame802154_create
                0x0020a358       0xe6 obj_cc2538dk/frame802154.o
                0x0020a358                frame802154_create
 .text.mac_call_sent_callback
                0x0020a43e       0x16 obj_cc2538dk/mac.o
                0x0020a43e                mac_call_sent_callback
 .text.parse    0x0020a454       0x94 obj_cc2538dk/framer-802154.o
 .text.create   0x0020a4e8        0x6 obj_cc2538dk/framer-802154.o
 .text.hdr_length
                0x0020a4ee        0x6 obj_cc2538dk/framer-802154.o
 .text.duty_cycle
                0x0020a4f4        0x4 obj_cc2538dk/contikimac.o
 .text.qsend_packet
                0x0020a4f8       0x22 obj_cc2538dk/contikimac.o
 .text.init     0x0020a51a        0x2 obj_cc2538dk/nullsec.o
 *(SORT(.rodata*))
 .rodata.button_select_sensor
                0x0020a51c       0x10 obj_cc2538dk/button-sensor.o
                0x0020a51c                button_select_sensor
 .rodata.button_up_sensor
                0x0020a52c       0x10 obj_cc2538dk/button-sensor.o
                0x0020a52c                button_up_sensor
 .rodata.button_left_sensor
                0x0020a53c       0x10 obj_cc2538dk/button-sensor.o
                0x0020a53c                button_left_sensor
 .rodata.button_right_sensor
                0x0020a54c       0x10 obj_cc2538dk/button-sensor.o
                0x0020a54c                button_right_sensor
 .rodata.button_down_sensor
                0x0020a55c       0x10 obj_cc2538dk/button-sensor.o
                0x0020a55c                button_down_sensor
 .rodata.als_sensor
                0x0020a56c       0x10 obj_cc2538dk/als-sensor.o
                0x0020a56c                als_sensor
 .rodata.uart_regs
                0x0020a57c       0x58 obj_cc2538dk/uart.o
 .rodata.cc2538_rf_driver
                0x0020a5d4       0x38 obj_cc2538dk/cc2538-rf.o
                0x0020a5d4                cc2538_rf_driver
 .rodata.output_power
                0x0020a60c       0x70 obj_cc2538dk/cc2538-rf.o
 .rodata.cc2538_temp_sensor
                0x0020a67c       0x10 obj_cc2538dk/cc2538-temp-sensor.o
                0x0020a67c                cc2538_temp_sensor
 .rodata.vdd3_sensor
                0x0020a68c       0x10 obj_cc2538dk/vdd3-sensor.o
                0x0020a68c                vdd3_sensor
 .rodata.sicslowpan_driver
                0x0020a69c        0xc obj_cc2538dk/sicslowpan.o
                0x0020a69c                sicslowpan_driver
 .rodata.csma_driver
                0x0020a6a8       0x1c obj_cc2538dk/csma.o
                0x0020a6a8                csma_driver
 .rodata.framer_802154
                0x0020a6c4        0xc obj_cc2538dk/framer-802154.o
                0x0020a6c4                framer_802154
 .rodata.contikimac_driver
                0x0020a6d0       0x20 obj_cc2538dk/contikimac.o
                0x0020a6d0                contikimac_driver
 .rodata.nullsec_driver
                0x0020a6f0       0x10 obj_cc2538dk/nullsec.o
                0x0020a6f0                nullsec_driver
 .rodata.autostart_processes
                0x0020a700        0x8 udp-echo-server.co
                0x0020a700                autostart_processes
 .rodata.str1.1
                0x0020a708       0x71 obj_cc2538dk/contiki-main.o
 .rodata.str1.1
                0x0020a779        0x8 obj_cc2538dk/sensors.o
 .rodata.str1.1
                0x0020a781        0x7 obj_cc2538dk/button-sensor.o
 .rodata.str1.1
                0x0020a788        0x4 obj_cc2538dk/als-sensor.o
 .rodata.str1.1
                0x0020a78c       0x15 obj_cc2538dk/uart.o
 .rodata.str1.1
                0x0020a7a1       0x11 obj_cc2538dk/cc2538-rf.o
 .rodata.str1.1
                0x0020a7b2       0x14 obj_cc2538dk/cc2538-temp-sensor.o
 .rodata.str1.1
                0x0020a7c6        0x5 obj_cc2538dk/vdd3-sensor.o
 .rodata.buffer.4159
                0x0020a7cb       0x10 obj_cc2538dk/strformat.o
 .rodata.str1.1
                0x0020a7db       0x35 obj_cc2538dk/strformat.o
                                 0x37 (size before relaxing)
 .rodata.buffer.4150
                0x0020a810       0x10 obj_cc2538dk/strformat.o
 .rodata.str1.1
                0x0020a820        0xf obj_cc2538dk/ctimer.o
 .rodata.str1.1
                0x0020a82f        0xc obj_cc2538dk/etimer.o
 .rodata.str1.1
                0x0020a83b       0x31 obj_cc2538dk/serial-line.o
 .rodata        0x0020a86c        0x2 obj_cc2538dk/sicslowpan.o
 .rodata.ttl_values
                0x0020a86e        0x4 obj_cc2538dk/sicslowpan.o
 .rodata.unc_llconf
                0x0020a872        0x4 obj_cc2538dk/sicslowpan.o
                0x0020a872                unc_llconf
 .rodata.llprefix
                0x0020a876        0x2 obj_cc2538dk/sicslowpan.o
                0x0020a876                llprefix
 .rodata.unc_mxconf
                0x0020a878        0x4 obj_cc2538dk/sicslowpan.o
                0x0020a878                unc_mxconf
 .rodata.str1.1
                0x0020a87c        0xb obj_cc2538dk/sicslowpan.o
 .rodata.unc_ctxconf
                0x0020a887        0x4 obj_cc2538dk/sicslowpan.o
                0x0020a887                unc_ctxconf
 .rodata.str1.1
                0x0020a88b       0x3c obj_cc2538dk/uip-debug.o
 .rodata.str1.1
                0x0020a8c7        0xd obj_cc2538dk/tcpip.o
 .rodata.linkaddr_null
                0x0020a8d4        0x8 obj_cc2538dk/linkaddr.o
                0x0020a8d4                linkaddr_null
 .rodata.str1.1
                0x0020a8dc        0x5 obj_cc2538dk/csma.o
 .rodata.str1.1
                0x0020a8e1        0xb obj_cc2538dk/contikimac.o
 .rodata.str1.1
                0x0020a8ec        0x8 obj_cc2538dk/nullsec.o
 .rodata.str1.1
                0x0020a8f4       0x4c udp-echo-server.co
                                 0x4f (size before relaxing)
                0x0020a940                _etext = .

.glue_7         0x0020a940        0x0
 .glue_7        0x0020a940        0x0 linker stubs

.glue_7t        0x0020a940        0x0
 .glue_7t       0x0020a940        0x0 linker stubs

.vfp11_veneer   0x0020a940        0x0
 .vfp11_veneer  0x0020a940        0x0 linker stubs

.v4_bx          0x0020a940        0x0
 .v4_bx         0x0020a940        0x0 linker stubs

.iplt           0x0020a940        0x0
 .iplt          0x0020a940        0x0 obj_cc2538dk/startup-gcc.o

.socdata        0x20000000       0x40
 *(SORT(.udma_channel_control_table))
 .udma_channel_control_table
                0x20000000       0x40 obj_cc2538dk/udma.o

.data           0x20000040      0x1c4 load address 0x0020a940
                0x20000040                _data = .
 *(SORT(.data*))
 .data.sensors_process
                0x20000040       0x10 obj_cc2538dk/sensors.o
                0x20000040                sensors_process
 .data.sensors  0x20000050       0x24 obj_cc2538dk/smartrf-sensors.o
                0x20000050                sensors
 .data.cc2538_rf_process
                0x20000074       0x10 obj_cc2538dk/cc2538-rf.o
                0x20000074                cc2538_rf_process
 .data.ctxt     0x20000084        0x8 obj_cc2538dk/dbg-printf.o
 .data.ctimer_process
                0x2000008c       0x10 obj_cc2538dk/ctimer.o
                0x2000008c                ctimer_process
 .data.etimer_process
                0x2000009c       0x10 obj_cc2538dk/etimer.o
                0x2000009c                etimer_process
 .data.serial_line_process
                0x200000ac       0x10 obj_cc2538dk/serial-line.o
                0x200000ac                serial_line_process
 .data.echo_request_handler
                0x200000bc        0xc obj_cc2538dk/uip-icmp6.o
 .data.echo_reply_handler
                0x200000c8        0xc obj_cc2538dk/uip-icmp6.o
 .data.defaultroutermemb
                0x200000d4        0xc obj_cc2538dk/uip-ds6-route.o
 .data.nbr_routes_struct
                0x200000e0       0x10 obj_cc2538dk/uip-ds6-route.o
 .data.nbr_routes
                0x200000f0        0x4 obj_cc2538dk/uip-ds6-route.o
                0x200000f0                nbr_routes
 .data.routememb
                0x200000f4        0xc obj_cc2538dk/uip-ds6-route.o
 .data.neighborroutememb
                0x20000100        0xc obj_cc2538dk/uip-ds6-route.o
 .data.ds6_neighbors
                0x2000010c        0x4 obj_cc2538dk/uip-ds6-nbr.o
                0x2000010c                ds6_neighbors
 .data.ds6_neighbors_struct
                0x20000110       0x10 obj_cc2538dk/uip-ds6-nbr.o
 .data.ns_input_handler
                0x20000120        0xc obj_cc2538dk/uip-nd6.o
 .data.na_input_handler
                0x2000012c        0xc obj_cc2538dk/uip-nd6.o
 .data.tcpip_process
                0x20000138       0x10 obj_cc2538dk/tcpip.o
                0x20000138                tcpip_process
 .data.dao_ack_handler
                0x20000148        0xc obj_cc2538dk/rpl-icmp6.o
 .data.dis_handler
                0x20000154        0xc obj_cc2538dk/rpl-icmp6.o
 .data.dao_handler
                0x20000160        0xc obj_cc2538dk/rpl-icmp6.o
 .data.dio_handler
                0x2000016c        0xc obj_cc2538dk/rpl-icmp6.o
 .data.rpl_parents
                0x20000178        0x4 obj_cc2538dk/rpl-dag.o
                0x20000178                rpl_parents
 .data.rpl_parents_struct
                0x2000017c       0x10 obj_cc2538dk/rpl-dag.o
 .data.rpl_mrhof
                0x2000018c       0x1c obj_cc2538dk/rpl-mrhof.o
                0x2000018c                rpl_mrhof
 .data.bufmem   0x200001a8        0xc obj_cc2538dk/queuebuf.o
 .data.buframmem
                0x200001b4        0xc obj_cc2538dk/queuebuf.o
 .data.neighbor_addr_mem
                0x200001c0        0xc obj_cc2538dk/nbr-table.o
 .data.metadata_memb
                0x200001cc        0xc obj_cc2538dk/csma.o
 .data.neighbor_memb
                0x200001d8        0xc obj_cc2538dk/csma.o
 .data.packet_memb
                0x200001e4        0xc obj_cc2538dk/csma.o
 .data.udp_echo_server_process
                0x200001f0       0x10 udp-echo-server.co
                0x200001f0                udp_echo_server_process
 .data.mac_pan_id
                0x20000200        0x2 obj_cc2538dk/frame802154.o
 .data.rf_channel
                0x20000202        0x1 obj_cc2538dk/cc2538-rf.o
 .data.dao_sequence
                0x20000203        0x1 obj_cc2538dk/rpl-icmp6.o
                0x20000204                _edata = .
                0x0020a940                _ldata = LOADADDR (.data)

.igot.plt       0x20000204        0x0 load address 0x0020ab04
 .igot.plt      0x20000204        0x0 obj_cc2538dk/startup-gcc.o

.ARM.exidx      0x0020ab04        0x8
 *(SORT(.ARM.exidx*))
 .ARM.exidx     0x0020ab04        0x8 /usr/lib/gcc/arm-none-eabi/4.9.3/armv7-m/libgcc.a(_divdi3.o)
 .ARM.exidx     0x0020ab0c        0x0 /usr/lib/gcc/arm-none-eabi/4.9.3/armv7-m/libgcc.a(_udivdi3.o)
                                  0x8 (size before relaxing)

.bss            0x20000208     0x28d7
                0x20000208                _bss = .
 *(SORT(.bss*))
 .bss.rt_ticks_startup
                0x20000208        0x8 obj_cc2538dk/clock.o
 .bss.rt_ticks_epoch
                0x20000210        0x8 obj_cc2538dk/clock.o
 .bss.i.4722    0x20000218        0x4 obj_cc2538dk/sensors.o
 .bss.events.4723
                0x2000021c        0x4 obj_cc2538dk/sensors.o
 .bss.debouncetimer
                0x20000220        0x8 obj_cc2538dk/button-sensor.o
 .bss.next_trigger
                0x20000228        0x4 obj_cc2538dk/rtimer-arch.o
 .bss.input_handler
                0x2000022c        0x8 obj_cc2538dk/uart.o
 .bss.interrupt_disable
                0x20000234        0x4 obj_cc2538dk/nvic.o
 .bss.interrupt_pend
                0x20000238        0x4 obj_cc2538dk/nvic.o
 .bss.interrupt_unpend
                0x2000023c        0x4 obj_cc2538dk/nvic.o
 .bss.interrupt_enable
                0x20000240        0x4 obj_cc2538dk/nvic.o
 .bss.gpio_callbacks
                0x20000244       0x80 obj_cc2538dk/gpio.o
 .bss.ioc_sel   0x200002c4        0x4 obj_cc2538dk/ioc.o
 .bss.ioc_over  0x200002c8        0x4 obj_cc2538dk/ioc.o
 .bss.notification_process
                0x200002cc        0x4 obj_cc2538dk/crypto.o
 .bss.periph_permit_pm1_funcs
                0x200002d0       0x14 obj_cc2538dk/lpm.o
 .bss.notification_process
                0x200002e4        0x4 obj_cc2538dk/pka.o
 .bss.ctimer_list_list
                0x200002e8        0x4 obj_cc2538dk/ctimer.o
 .bss.timerlist
                0x200002ec        0x4 obj_cc2538dk/etimer.o
 .bss.next_expiration
                0x200002f0        0x4 obj_cc2538dk/etimer.o
 .bss.receiver.5355
                0x200002f4        0x4 obj_cc2538dk/process.o
 .bss.p.5356    0x200002f8        0x4 obj_cc2538dk/process.o
 .bss.process_current
                0x200002fc        0x4 obj_cc2538dk/process.o
                0x200002fc                process_current
 .bss.data.5354
                0x20000300        0x4 obj_cc2538dk/process.o
 .bss.process_list
                0x20000304        0x4 obj_cc2538dk/process.o
                0x20000304                process_list
 .bss.events    0x20000308      0x180 obj_cc2538dk/process.o
 .bss.next_rtimer
                0x20000488        0x4 obj_cc2538dk/rtimer.o
 .bss.rxbuf     0x2000048c        0x8 obj_cc2538dk/serial-line.o
 .bss.ptr.4708  0x20000494        0x4 obj_cc2538dk/serial-line.o
 .bss.echo_reply_callback_list_list
                0x20000498        0x4 obj_cc2538dk/uip-icmp6.o
 .bss.input_handler_list_list
                0x2000049c        0x4 obj_cc2538dk/uip-icmp6.o
 .bss.locmaddr  0x200004a0        0x4 obj_cc2538dk/uip-ds6.o
 .bss.locprefix
                0x200004a4        0x4 obj_cc2538dk/uip-ds6.o
 .bss.locaddr   0x200004a8        0x4 obj_cc2538dk/uip-ds6.o
 .bss.defaultroutermemb_memb_mem
                0x200004ac       0x40 obj_cc2538dk/uip-ds6-route.o
 .bss.num_routes
                0x200004ec        0x4 obj_cc2538dk/uip-ds6-route.o
 .bss.defaultrouterlist_list
                0x200004f0        0x4 obj_cc2538dk/uip-ds6-route.o
 .bss._nbr_routes_mem
                0x200004f4       0xa0 obj_cc2538dk/uip-ds6-route.o
 .bss.routelist_list
                0x20000594        0x4 obj_cc2538dk/uip-ds6-route.o
 .bss.routememb_memb_mem
                0x20000598      0x320 obj_cc2538dk/uip-ds6-route.o
 .bss.neighborroutememb_memb_mem
                0x200008b8       0xa0 obj_cc2538dk/uip-ds6-route.o
 .bss.notificationlist_list
                0x20000958        0x4 obj_cc2538dk/uip-ds6-route.o
 .bss._ds6_neighbors_mem
                0x2000095c      0x320 obj_cc2538dk/uip-ds6-nbr.o
 .bss.defrt     0x20000c7c        0x4 obj_cc2538dk/uip-nd6.o
 .bss.nbr       0x20000c80        0x4 obj_cc2538dk/uip-nd6.o
 .bss.nd6_opt_llao
                0x20000c84        0x4 obj_cc2538dk/uip-nd6.o
 .bss.addr      0x20000c88        0x4 obj_cc2538dk/uip-nd6.o
 .bss.context   0x20000c8c        0x4 obj_cc2538dk/sicslowpan.o
 .bss.last_rssi
                0x20000c90        0x4 obj_cc2538dk/sicslowpan.o
 .bss.hc06_ptr  0x20000c94        0x4 obj_cc2538dk/sicslowpan.o
 .bss.reass_timer
                0x20000c98        0x8 obj_cc2538dk/sicslowpan.o
 .bss.packetbuf_ptr
                0x20000ca0        0x4 obj_cc2538dk/sicslowpan.o
 .bss.packetbuf_payload_len
                0x20000ca4        0x4 obj_cc2538dk/sicslowpan.o
 .bss.last_tx_status
                0x20000ca8        0x4 obj_cc2538dk/sicslowpan.o
 .bss.sicslowpan_aligned_buf
                0x20000cac      0x514 obj_cc2538dk/sicslowpan.o
 .bss.callback  0x200011c0        0x4 obj_cc2538dk/sicslowpan.o
 .bss.s         0x200011c4       0x44 obj_cc2538dk/tcpip.o
 .bss.periodic  0x20001208       0x10 obj_cc2538dk/tcpip.o
 .bss.outputfunc
                0x20001218        0x4 obj_cc2538dk/tcpip.o
 .bss._rpl_parents_mem
                0x2000121c      0x140 obj_cc2538dk/rpl-dag.o
 .bss.periodic_timer
                0x2000135c       0x20 obj_cc2538dk/rpl-timers.o
 .bss.bufmem_memb_mem
                0x2000137c       0x20 obj_cc2538dk/queuebuf.o
 .bss.nbr_table_keys_list
                0x2000139c        0x4 obj_cc2538dk/nbr-table.o
 .bss.neighbor_addr_mem_memb_mem
                0x200013a0       0xf0 obj_cc2538dk/nbr-table.o
 .bss.all_tables
                0x20001490       0x20 obj_cc2538dk/nbr-table.o
 .bss.num_tables
                0x200014b0        0x4 obj_cc2538dk/nbr-table.o
 .bss.packetbufptr
                0x200014b4        0x4 obj_cc2538dk/packetbuf.o
 .bss.packetbuf_aligned
                0x200014b8       0xb0 obj_cc2538dk/packetbuf.o
 .bss.metadata_memb_memb_mem
                0x20001568       0x60 obj_cc2538dk/csma.o
 .bss.neighbor_list_list
                0x200015c8        0x4 obj_cc2538dk/csma.o
 .bss.packet_memb_memb_mem
                0x200015cc       0x60 obj_cc2538dk/csma.o
 .bss.neighbor_memb_memb_mem
                0x2000162c       0x70 obj_cc2538dk/csma.o
 .bss.cycle_start
                0x2000169c        0x4 obj_cc2538dk/contikimac.o
 .bss.we_are_receiving_burst
                0x200016a0        0x4 obj_cc2538dk/contikimac.o
 .bss.rt        0x200016a4        0xc obj_cc2538dk/contikimac.o
 .bss.ct.7073   0x200016b0       0x20 obj_cc2538dk/contikimac.o
 .bss.start.6998
                0x200016d0        0x4 obj_cc2538dk/contikimac.o
 .bss.server_conn
                0x200016d4        0x4 udp-echo-server.co
 .bss.tmp_ipaddr
                0x200016d8       0x10 obj_cc2538dk/uip-icmp6.o
 .bss.loc_fipaddr
                0x200016e8       0x10 obj_cc2538dk/uip-ds6.o
 .bss.tmp16     0x200016f8        0x2 obj_cc2538dk/uip6.o
 .bss.lastport  0x200016fa        0x2 obj_cc2538dk/uip6.o
 .bss.reass_tag
                0x200016fc        0x2 obj_cc2538dk/sicslowpan.o
 .bss.sicslowpan_len
                0x200016fe        0x2 obj_cc2538dk/sicslowpan.o
 .bss.my_tag    0x20001700        0x2 obj_cc2538dk/sicslowpan.o
 .bss.processed_ip_in_len
                0x20001702        0x2 obj_cc2538dk/sicslowpan.o
 .bss.next_dis  0x20001704        0x2 obj_cc2538dk/rpl-timers.o
 .bss.buframmem_memb_mem
                0x20001706      0x580 obj_cc2538dk/queuebuf.o
 .bss.buflen    0x20001c86        0x2 obj_cc2538dk/packetbuf.o
 .bss.bufptr    0x20001c88        0x2 obj_cc2538dk/packetbuf.o
 .bss.seqno.6254
                0x20001c8a        0x2 obj_cc2538dk/csma.o
 .bss.pt        0x20001c8c        0x2 obj_cc2538dk/contikimac.o
 .bss.len       0x20001c8e        0x2 udp-echo-server.co
 .bss.leds      0x20001c90        0x1 obj_cc2538dk/leds.o
 .bss.num_sensors
                0x20001c91        0x1 obj_cc2538dk/sensors.o
 .bss.rf_flags  0x20001c92        0x1 obj_cc2538dk/cc2538-rf.o
 .bss.max_pm    0x20001c93        0x1 obj_cc2538dk/lpm.o
 .bss.initialized
                0x20001c94        0x1 obj_cc2538dk/ctimer.o
 .bss.fevent    0x20001c95        0x1 obj_cc2538dk/process.o
 .bss.nevents   0x20001c96        0x1 obj_cc2538dk/process.o
 .bss.poll_requested
                0x20001c97        0x1 obj_cc2538dk/process.o
 .bss.snum.5371
                0x20001c98        0x1 obj_cc2538dk/process.o
 .bss.ev.5353   0x20001c99        0x1 obj_cc2538dk/process.o
 .bss.lastevent
                0x20001c9a        0x1 obj_cc2538dk/process.o
 .bss.overflow.4700
                0x20001c9b        0x1 obj_cc2538dk/serial-line.o
 .bss.rxbuf_data
                0x20001c9c       0x80 obj_cc2538dk/serial-line.o
 .bss.buf.4707  0x20001d1c       0x80 obj_cc2538dk/serial-line.o
 .bss.defaultroutermemb_memb_count
                0x20001d9c        0x2 obj_cc2538dk/uip-ds6-route.o
 .bss.neighborroutememb_memb_count
                0x20001d9e       0x14 obj_cc2538dk/uip-ds6-route.o
 .bss.routememb_memb_count
                0x20001db2       0x14 obj_cc2538dk/uip-ds6-route.o
 .bss.uip_ext_len
                0x20001dc6        0x1 obj_cc2538dk/uip6.o
                0x20001dc6                uip_ext_len
 .bss.uip_ext_bitmap
                0x20001dc7        0x1 obj_cc2538dk/uip6.o
                0x20001dc7                uip_ext_bitmap
 .bss.iss       0x20001dc8        0x4 obj_cc2538dk/uip6.o
 .bss.uip_ext_opt_offset
                0x20001dcc        0x1 obj_cc2538dk/uip6.o
                0x20001dcc                uip_ext_opt_offset
 .bss.c         0x20001dcd        0x1 obj_cc2538dk/uip6.o
 .bss.opt       0x20001dce        0x1 obj_cc2538dk/uip6.o
 .bss.nd6_opt_offset
                0x20001dcf        0x1 obj_cc2538dk/uip-nd6.o
 .bss.uncomp_hdr_len
                0x20001dd0        0x1 obj_cc2538dk/sicslowpan.o
 .bss.addr_contexts
                0x20001dd1        0xa obj_cc2538dk/sicslowpan.o
 .bss.packetbuf_hdr_len
                0x20001ddb        0x1 obj_cc2538dk/sicslowpan.o
 .bss.i.7858    0x20001ddc        0x1 obj_cc2538dk/tcpip.o
 .bss.i.7802    0x20001ddd        0x1 obj_cc2538dk/tcpip.o
 .bss.i.7846    0x20001dde        0x1 obj_cc2538dk/tcpip.o
 .bss.dio_send_ok
                0x20001ddf        0x1 obj_cc2538dk/rpl-timers.o
 .bss.mode      0x20001de0        0x1 obj_cc2538dk/rpl.o
 .bss.buframmem_memb_count
                0x20001de1        0x8 obj_cc2538dk/queuebuf.o
 .bss.bufmem_memb_count
                0x20001de9        0x8 obj_cc2538dk/queuebuf.o
 .bss.neighbor_addr_mem_memb_count
                0x20001df1       0x14 obj_cc2538dk/nbr-table.o
 .bss.locked_map
                0x20001e05       0x14 obj_cc2538dk/nbr-table.o
 .bss.used_map  0x20001e19       0x14 obj_cc2538dk/nbr-table.o
 .bss.hdrptr    0x20001e2d        0x1 obj_cc2538dk/packetbuf.o
 .bss.received_seqnos
                0x20001e2e       0x90 obj_cc2538dk/mac-sequence.o
 .bss.neighbor_memb_memb_count
                0x20001ebe        0x2 obj_cc2538dk/csma.o
 .bss.initialized.6253
                0x20001ec0        0x1 obj_cc2538dk/csma.o
 .bss.packet_memb_memb_count
                0x20001ec1        0x8 obj_cc2538dk/csma.o
 .bss.metadata_memb_memb_count
                0x20001ec9        0x8 obj_cc2538dk/csma.o
 .bss.mac_dsn   0x20001ed1        0x1 obj_cc2538dk/framer-802154.o
 .bss.initialized
                0x20001ed2        0x1 obj_cc2538dk/framer-802154.o
 .bss.packet_seen.6992
                0x20001ed3        0x1 obj_cc2538dk/contikimac.o
 .bss.count.6993
                0x20001ed4        0x1 obj_cc2538dk/contikimac.o
 .bss.radio_is_on
                0x20001ed5        0x1 obj_cc2538dk/contikimac.o
 .bss.we_are_sending
                0x20001ed6        0x1 obj_cc2538dk/contikimac.o
 .bss.contikimac_keep_radio_on
                0x20001ed7        0x1 obj_cc2538dk/contikimac.o
 .bss.periods.7000
                0x20001ed8        0x1 obj_cc2538dk/contikimac.o
 .bss.silence_periods.6999
                0x20001ed9        0x1 obj_cc2538dk/contikimac.o
 .bss.contikimac_is_on
                0x20001eda        0x1 obj_cc2538dk/contikimac.o
 .bss.buf       0x20001edb       0x78 udp-echo-server.co
 *(SORT(COMMON))
 *fill*         0x20001f53        0x1 
 COMMON         0x20001f54      0x174 obj_cc2538dk/uip-ds6.o
                0x20001f54                uip_ds6_timer_ra
                0x20001f5c                uip_ds6_if
                0x20002054                uip_ds6_netif_addr_list_offset
                0x20002055                uip_ds6_addr_size
                0x20002058                uip_ds6_prefix_list
                0x200020b8                uip_ds6_timer_periodic
 COMMON         0x200020c8      0x878 obj_cc2538dk/uip6.o
                0x200020c8                uip_len
                0x200020cc                uip_sappdata
                0x200020d0                uip_acc32
                0x200020d4                uip_lladdr
                0x200020dc                uip_aligned_buf
                0x200025f0                uip_flags
                0x200025f4                uip_next_hdr
                0x200025f8                uip_udp_conn
                0x200025fc                uip_appdata
                0x20002600                uip_conn
                0x20002604                uip_conns
                0x200027e4                uip_icmp6_conns
                0x200027ec                uip_listenports
                0x200027fc                uip_slen
                0x20002800                uip_udp_conns
 COMMON         0x20002940      0x154 obj_cc2538dk/rpl-dag.o
                0x20002940                default_instance
                0x20002944                instance_table
 COMMON         0x20002a94       0x2e obj_cc2538dk/packetbuf.o
                0x20002a94                packetbuf_addrs
                0x20002aa4                packetbuf_attrs
 COMMON         0x20002ac2        0x1 obj_cc2538dk/sensors.o
                0x20002ac2                sensors_event
 COMMON         0x20002ac3        0x9 obj_cc2538dk/smartrf-sensors.o
                0x20002ac3                sensors_flags
 COMMON         0x20002acc        0x1 obj_cc2538dk/serial-line.o
                0x20002acc                serial_line_event_message
 COMMON         0x20002acd        0x8 obj_cc2538dk/sicslowpan.o
                0x20002acd                frag_sender
 COMMON         0x20002ad5        0x2 obj_cc2538dk/tcpip.o
                0x20002ad5                tcpip_event
                0x20002ad6                tcpip_icmp6_event
 COMMON         0x20002ad7        0x8 obj_cc2538dk/linkaddr.o
                0x20002ad7                linkaddr_node_addr
                0x20002adf                _ebss = .

.stack          0x20002ae0      0x800
 *(SORT(.stack))
 .stack         0x20002ae0      0x800 obj_cc2538dk/startup-gcc.o
                0x200032e0                _heap = .
                0x20008000                _eheap = (ORIGIN (FRSRAM) + LENGTH (FRSRAM))

.nrdata         0x20000000        0x0
                0x20000000                _nrdata = .
 *(SORT(.nrdata*))
                0x20000000                _enrdata = .

.flashcca       0x0027ffd4       0x2c
 *(SORT(.flashcca))
 .flashcca      0x0027ffd4       0x2c obj_cc2538dk/startup-gcc.o
                0x0027ffd4                flash_cca_lock_page
OUTPUT(udp-echo-server.elf elf32-littlearm)

.rel.dyn        0x00280000        0x0
 .rel.iplt      0x00280000        0x0 obj_cc2538dk/startup-gcc.o

.comment        0x00000000       0x70
 .comment       0x00000000       0x38 obj_cc2538dk/startup-gcc.o
                                 0x39 (size before relaxing)
 .comment       0x00000038       0x39 obj_cc2538dk/leds.o
 .comment       0x00000038       0x39 obj_cc2538dk/leds-arch.o
 .comment       0x00000038       0x39 obj_cc2538dk/contiki-main.o
 .comment       0x00000038       0x39 obj_cc2538dk/sensors.o
 .comment       0x00000038       0x39 obj_cc2538dk/smartrf-sensors.o
 .comment       0x00000038       0x39 obj_cc2538dk/button-sensor.o
 .comment       0x00000038       0x39 obj_cc2538dk/als-sensor.o
 .comment       0x00000038       0x39 obj_cc2538dk/clock.o
 .comment       0x00000038       0x39 obj_cc2538dk/rtimer-arch.o
 .comment       0x00000038       0x39 obj_cc2538dk/uart.o
 .comment       0x00000038       0x39 obj_cc2538dk/watchdog.o
 .comment       0x00000038       0x39 obj_cc2538dk/nvic.o
 .comment       0x00000038       0x39 obj_cc2538dk/cpu.o
 .comment       0x00000038       0x39 obj_cc2538dk/sys-ctrl.o
 .comment       0x00000038       0x39 obj_cc2538dk/gpio.o
 .comment       0x00000038       0x39 obj_cc2538dk/ioc.o
 .comment       0x00000038       0x39 obj_cc2538dk/adc.o
 .comment       0x00000038       0x39 obj_cc2538dk/crypto.o
 .comment       0x00000038       0x39 obj_cc2538dk/cc2538-rf.o
 .comment       0x00000038       0x39 obj_cc2538dk/udma.o
 .comment       0x00000038       0x39 obj_cc2538dk/lpm.o
 .comment       0x00000038       0x39 obj_cc2538dk/pka.o
 .comment       0x00000038       0x39 obj_cc2538dk/dbg.o
 .comment       0x00000038       0x39 obj_cc2538dk/ieee-addr.o
 .comment       0x00000038       0x39 obj_cc2538dk/cc2538-temp-sensor.o
 .comment       0x00000038       0x39 obj_cc2538dk/vdd3-sensor.o
 .comment       0x00000038       0x39 obj_cc2538dk/dbg-printf.o
 .comment       0x00000038       0x39 obj_cc2538dk/strformat.o
 .comment       0x00000038       0x39 obj_cc2538dk/autostart.o
 .comment       0x00000038       0x39 obj_cc2538dk/ctimer.o
 .comment       0x00000038       0x39 obj_cc2538dk/energest.o
 .comment       0x00000038       0x39 obj_cc2538dk/stimer.o
 .comment       0x00000038       0x39 obj_cc2538dk/etimer.o
 .comment       0x00000038       0x39 obj_cc2538dk/process.o
 .comment       0x00000038       0x39 obj_cc2538dk/rtimer.o
 .comment       0x00000038       0x39 obj_cc2538dk/timer.o
 .comment       0x00000038       0x39 obj_cc2538dk/serial-line.o
 .comment       0x00000038       0x39 obj_cc2538dk/ringbuf.o
 .comment       0x00000038       0x39 obj_cc2538dk/list.o
 .comment       0x00000038       0x39 obj_cc2538dk/memb.o
 .comment       0x00000038       0x39 obj_cc2538dk/random.o
 .comment       0x00000038       0x39 obj_cc2538dk/uip-icmp6.o
 .comment       0x00000038       0x39 obj_cc2538dk/uip-ds6.o
 .comment       0x00000038       0x39 obj_cc2538dk/uip-ds6-route.o
 .comment       0x00000038       0x39 obj_cc2538dk/uip6.o
 .comment       0x00000038       0x39 obj_cc2538dk/uip-ds6-nbr.o
 .comment       0x00000038       0x39 obj_cc2538dk/uip-nd6.o
 .comment       0x00000038       0x39 obj_cc2538dk/sicslowpan.o
 .comment       0x00000038       0x39 obj_cc2538dk/uip-debug.o
 .comment       0x00000038       0x39 obj_cc2538dk/uip-udp-packet.o
 .comment       0x00000038       0x39 obj_cc2538dk/tcpip.o
 .comment       0x00000038       0x39 obj_cc2538dk/rpl-icmp6.o
 .comment       0x00000038       0x39 obj_cc2538dk/rpl-dag.o
 .comment       0x00000038       0x39 obj_cc2538dk/rpl-timers.o
 .comment       0x00000038       0x39 obj_cc2538dk/rpl-ext-header.o
 .comment       0x00000038       0x39 obj_cc2538dk/rpl.o
 .comment       0x00000038       0x39 obj_cc2538dk/rpl-mrhof.o
 .comment       0x00000038       0x39 obj_cc2538dk/queuebuf.o
 .comment       0x00000038       0x39 obj_cc2538dk/nbr-table.o
 .comment       0x00000038       0x39 obj_cc2538dk/packetbuf.o
 .comment       0x00000038       0x39 obj_cc2538dk/netstack.o
 .comment       0x00000038       0x39 obj_cc2538dk/linkaddr.o
 .comment       0x00000038       0x39 obj_cc2538dk/mac-sequence.o
 .comment       0x00000038       0x39 obj_cc2538dk/csma.o
 .comment       0x00000038       0x39 obj_cc2538dk/frame802154.o
 .comment       0x00000038       0x39 obj_cc2538dk/mac.o
 .comment       0x00000038       0x39 obj_cc2538dk/framer-802154.o
 .comment       0x00000038       0x39 obj_cc2538dk/contikimac.o
 .comment       0x00000038       0x39 obj_cc2538dk/nullsec.o
 .comment       0x00000038       0x39 udp-echo-server.co
 .comment       0x00000038       0x39 /usr/lib/gcc/arm-none-eabi/4.9.3/armv7-m/libgcc.a(bpabi.o)
 .comment       0x00000038       0x39 /usr/lib/gcc/arm-none-eabi/4.9.3/armv7-m/libgcc.a(_divdi3.o)
 .comment       0x00000038       0x39 /usr/lib/gcc/arm-none-eabi/4.9.3/armv7-m/libgcc.a(_udivdi3.o)
 .comment       0x00000038       0x38 /usr/lib/gcc/arm-none-eabi/4.9.3/../../../arm-none-eabi/lib/armv7-m/libc.a(lib_a-memcmp.o)
                                 0x39 (size before relaxing)
 .comment       0x00000070       0x39 /usr/lib/gcc/arm-none-eabi/4.9.3/../../../arm-none-eabi/lib/armv7-m/libc.a(lib_a-memmove.o)
 .comment       0x00000070       0x39 /usr/lib/gcc/arm-none-eabi/4.9.3/../../../arm-none-eabi/lib/armv7-m/libc.a(lib_a-memset.o)

.ARM.attributes
                0x00000000       0x31
 .ARM.attributes
                0x00000000       0x33 obj_cc2538dk/startup-gcc.o
 .ARM.attributes
                0x00000033       0x33 obj_cc2538dk/leds.o
 .ARM.attributes
                0x00000066       0x33 obj_cc2538dk/leds-arch.o
 .ARM.attributes
                0x00000099       0x33 obj_cc2538dk/contiki-main.o
 .ARM.attributes
                0x000000cc       0x33 obj_cc2538dk/sensors.o
 .ARM.attributes
                0x000000ff       0x33 obj_cc2538dk/smartrf-sensors.o
 .ARM.attributes
                0x00000132       0x33 obj_cc2538dk/button-sensor.o
 .ARM.attributes
                0x00000165       0x33 obj_cc2538dk/als-sensor.o
 .ARM.attributes
                0x00000198       0x33 obj_cc2538dk/clock.o
 .ARM.attributes
                0x000001cb       0x33 obj_cc2538dk/rtimer-arch.o
 .ARM.attributes
                0x000001fe       0x33 obj_cc2538dk/uart.o
 .ARM.attributes
                0x00000231       0x33 obj_cc2538dk/watchdog.o
 .ARM.attributes
                0x00000264       0x33 obj_cc2538dk/nvic.o
 .ARM.attributes
                0x00000297       0x33 obj_cc2538dk/cpu.o
 .ARM.attributes
                0x000002ca       0x33 obj_cc2538dk/sys-ctrl.o
 .ARM.attributes
                0x000002fd       0x33 obj_cc2538dk/gpio.o
 .ARM.attributes
                0x00000330       0x33 obj_cc2538dk/ioc.o
 .ARM.attributes
                0x00000363       0x33 obj_cc2538dk/adc.o
 .ARM.attributes
                0x00000396       0x33 obj_cc2538dk/crypto.o
 .ARM.attributes
                0x000003c9       0x33 obj_cc2538dk/cc2538-rf.o
 .ARM.attributes
                0x000003fc       0x33 obj_cc2538dk/udma.o
 .ARM.attributes
                0x0000042f       0x33 obj_cc2538dk/lpm.o
 .ARM.attributes
                0x00000462       0x33 obj_cc2538dk/pka.o
 .ARM.attributes
                0x00000495       0x33 obj_cc2538dk/dbg.o
 .ARM.attributes
                0x000004c8       0x33 obj_cc2538dk/ieee-addr.o
 .ARM.attributes
                0x000004fb       0x33 obj_cc2538dk/cc2538-temp-sensor.o
 .ARM.attributes
                0x0000052e       0x33 obj_cc2538dk/vdd3-sensor.o
 .ARM.attributes
                0x00000561       0x33 obj_cc2538dk/dbg-printf.o
 .ARM.attributes
                0x00000594       0x33 obj_cc2538dk/strformat.o
 .ARM.attributes
                0x000005c7       0x33 obj_cc2538dk/autostart.o
 .ARM.attributes
                0x000005fa       0x33 obj_cc2538dk/ctimer.o
 .ARM.attributes
                0x0000062d       0x33 obj_cc2538dk/energest.o
 .ARM.attributes
                0x00000660       0x33 obj_cc2538dk/stimer.o
 .ARM.attributes
                0x00000693       0x33 obj_cc2538dk/etimer.o
 .ARM.attributes
                0x000006c6       0x33 obj_cc2538dk/process.o
 .ARM.attributes
                0x000006f9       0x33 obj_cc2538dk/rtimer.o
 .ARM.attributes
                0x0000072c       0x33 obj_cc2538dk/timer.o
 .ARM.attributes
                0x0000075f       0x33 obj_cc2538dk/serial-line.o
 .ARM.attributes
                0x00000792       0x33 obj_cc2538dk/ringbuf.o
 .ARM.attributes
                0x000007c5       0x33 obj_cc2538dk/list.o
 .ARM.attributes
                0x000007f8       0x33 obj_cc2538dk/memb.o
 .ARM.attributes
                0x0000082b       0x33 obj_cc2538dk/random.o
 .ARM.attributes
                0x0000085e       0x33 obj_cc2538dk/uip-icmp6.o
 .ARM.attributes
                0x00000891       0x33 obj_cc2538dk/uip-ds6.o
 .ARM.attributes
                0x000008c4       0x33 obj_cc2538dk/uip-ds6-route.o
 .ARM.attributes
                0x000008f7       0x33 obj_cc2538dk/uip6.o
 .ARM.attributes
                0x0000092a       0x33 obj_cc2538dk/uip-ds6-nbr.o
 .ARM.attributes
                0x0000095d       0x33 obj_cc2538dk/uip-nd6.o
 .ARM.attributes
                0x00000990       0x33 obj_cc2538dk/sicslowpan.o
 .ARM.attributes
                0x000009c3       0x33 obj_cc2538dk/uip-debug.o
 .ARM.attributes
                0x000009f6       0x33 obj_cc2538dk/uip-udp-packet.o
 .ARM.attributes
                0x00000a29       0x33 obj_cc2538dk/tcpip.o
 .ARM.attributes
                0x00000a5c       0x33 obj_cc2538dk/rpl-icmp6.o
 .ARM.attributes
                0x00000a8f       0x33 obj_cc2538dk/rpl-dag.o
 .ARM.attributes
                0x00000ac2       0x33 obj_cc2538dk/rpl-timers.o
 .ARM.attributes
                0x00000af5       0x33 obj_cc2538dk/rpl-ext-header.o
 .ARM.attributes
                0x00000b28       0x33 obj_cc2538dk/rpl.o